18:00:54 | health=DEGRADED  pending=0 ongoing=2 | 34t3:REPAIRING/ONGOING 6df3:RUNNING/ONGOING | k8s: 34t3=NotReady 6df3=Ready | rayRunning=2
18:02:01 | health=DEGRADED  pending=0 ongoing=2 | 34t3:REPAIRING/ONGOING 6df3:RUNNING/ONGOING | k8s: 34t3=NotReady 6df3=Ready | rayRunning=2
18:03:10 | health=DEGRADED  pending=0 ongoing=2 | 34t3:REPAIRING/ONGOING 6df3:RUNNING/ONGOING | k8s: 34t3=NotReady 6df3=Ready | rayRunning=2
18:04:19 | health=DEGRADED  pending=0 ongoing=2 | 34t3:REPAIRING/ONGOING 6df3:RUNNING/ONGOING | k8s: 34t3=NotReady 6df3=Ready | rayRunning=2
18:05:26 | health=DEGRADED  pending=0 ongoing=2 | 34t3:REPAIRING/ONGOING 6df3:RUNNING/ONGOING | k8s: 34t3=NotReady 6df3=Ready | rayRunning=2
18:06:36 | health=DEGRADED  pending=0 ongoing=2 | 34t3:REPAIRING/ONGOING 6df3:RUNNING/ONGOING | k8s: 34t3=NotReady 6df3=Ready | rayRunning=2
18:07:46 | health=DEGRADED  pending=0 ongoing=2 | 34t3:REPAIRING/ONGOING 6df3:RUNNING/ONGOING | k8s: 34t3=NotReady 6df3=Ready | rayRunning=2
18:08:54 | health=DEGRADED  pending=0 ongoing=2 | 34t3:REPAIRING/ONGOING 6df3:RUNNING/ONGOING | k8s: 34t3=NotReady 6df3=Ready | rayRunning=2
18:10:04 | health=DEGRADED  pending=0 ongoing=2 | 34t3:REPAIRING/ONGOING 6df3:RUNNING/ONGOING | k8s: 34t3=NotReady 6df3=Ready | rayRunning=2
18:11:14 | health=DEGRADED  pending=0 ongoing=2 | 34t3:REPAIRING/ONGOING 6df3:RUNNING/ONGOING | k8s: 34t3=NotReady 6df3=Ready | rayRunning=2
18:12:23 | health=DEGRADED  pending=0 ongoing=2 | 34t3:REPAIRING/ONGOING 6df3:RUNNING/ONGOING | k8s: 34t3=NotReady 6df3=Ready | rayRunning=2
18:13:31 | health=DEGRADED  pending=0 ongoing=2 | 34t3:REPAIRING/ONGOING 6df3:RUNNING/ONGOING | k8s: 34t3=NotReady 6df3=Ready | rayRunning=2
18:14:38 | health=DEGRADED  pending=0 ongoing=2 | 34t3:REPAIRING/ONGOING 6df3:RUNNING/ONGOING | k8s: 34t3=NotReady 6df3=Ready | rayRunning=2
18:15:50 | health=DEGRADED  pending=0 ongoing=2 | 34t3:REPAIRING/ONGOING 6df3:RUNNING/ONGOING | k8s: 34t3=NotReady 6df3=Ready | rayRunning=2
18:17:07 | health=DEGRADED  pending=0 ongoing=2 | 34t3:REPAIRING/ONGOING 6df3:RUNNING/ONGOING | k8s: 34t3=NotReady 6df3=Ready | rayRunning=2
18:18:21 | health=DEGRADED  pending=0 ongoing=2 | 34t3:REPAIRING/ONGOING 6df3:RUNNING/ONGOING | k8s: 34t3=NotReady 6df3=NotReady | rayRunning=1
18:19:33 | health=DEGRADED  pending=0 ongoing=2 | 34t3:REPAIRING/ONGOING 6df3:RUNNING/ONGOING | k8s: 34t3=NotReady 6df3=NotReady | rayRunning=1
18:20:43 | health=DEGRADED  pending=0 ongoing=2 | 34t3:REPAIRING/ONGOING 6df3:REPAIRING/ONGOING | k8s: 34t3=NotReady 6df3=NotReady | rayRunning=1
18:21:50 | health=DEGRADED  pending=0 ongoing=2 | 34t3:REPAIRING/ONGOING 6df3:REPAIRING/ONGOING | k8s: 34t3=NotReady 6df3=NotReady | rayRunning=1
18:22:59 | health=DEGRADED  pending=0 ongoing=2 | 34t3:REPAIRING/ONGOING 6df3:REPAIRING/ONGOING | k8s: 34t3=NotReady 6df3=NotReady | rayRunning=1
18:24:05 | health=DEGRADED  pending=0 ongoing=2 | 34t3:REPAIRING/ONGOING 6df3:REPAIRING/ONGOING | k8s: 34t3=NotReady 6df3=NotReady | rayRunning=1
18:25:12 | health=DEGRADED  pending=0 ongoing=2 | 34t3:REPAIRING/ONGOING 6df3:REPAIRING/ONGOING | k8s: 34t3=NotReady 6df3=NotReady | rayRunning=1
18:26:20 | health=DEGRADED  pending=0 ongoing=2 | 34t3:REPAIRING/ONGOING 6df3:REPAIRING/ONGOING | k8s: 34t3=NotReady 6df3=NotReady | rayRunning=1
18:27:30 | health=DEGRADED  pending=0 ongoing=2 | 34t3:REPAIRING/ONGOING 6df3:REPAIRING/ONGOING | k8s: 34t3=NotReady 6df3=NotReady | rayRunning=1
18:28:41 | health=DEGRADED  pending=0 ongoing=2 | 34t3:REPAIRING/ONGOING 6df3:REPAIRING/ONGOING | k8s: 34t3=NotReady 6df3=NotReady | rayRunning=1
18:29:49 | health=DEGRADED  pending=0 ongoing=2 | 34t3:REPAIRING/ONGOING 6df3:REPAIRING/ONGOING | k8s: 34t3=NotReady 6df3=NotReady | rayRunning=1
18:30:56 | health=DEGRADED  pending=0 ongoing=2 | 34t3:REPAIRING/ONGOING 6df3:REPAIRING/ONGOING | k8s: 34t3=NotReady 6df3=NotReady | rayRunning=1
18:32:05 | health=DEGRADED  pending=0 ongoing=2 | 34t3:REPAIRING/ONGOING 6df3:REPAIRING/ONGOING | k8s: 34t3=NotReady 6df3=NotReady | rayRunning=1
18:33:13 | health=DEGRADED  pending=0 ongoing=2 | 34t3:REPAIRING/ONGOING 6df3:REPAIRING/ONGOING | k8s: 34t3=NotReady 6df3=NotReady | rayRunning=1
18:34:21 | health=DEGRADED  pending=0 ongoing=2 | 34t3:REPAIRING/ONGOING 6df3:REPAIRING/ONGOING | k8s: 34t3=NotReady 6df3=NotReady | rayRunning=1
18:35:31 | health=DEGRADED  pending=0 ongoing=2 | 34t3:REPAIRING/ONGOING 6df3:REPAIRING/ONGOING | k8s: 34t3=NotReady 6df3=NotReady | rayRunning=1
18:36:39 | health=DEGRADED  pending=0 ongoing=2 | 34t3:REPAIRING/ONGOING 6df3:REPAIRING/ONGOING | k8s: 34t3=NotReady 6df3=NotReady | rayRunning=1
18:37:49 | health=DEGRADED  pending=0 ongoing=2 | 34t3:REPAIRING/ONGOING 6df3:REPAIRING/ONGOING | k8s: 34t3=NotReady 6df3=NotReady | rayRunning=1
18:38:58 | health=DEGRADED  pending=0 ongoing=2 | 34t3:REPAIRING/ONGOING 6df3:REPAIRING/ONGOING | k8s: 34t3=NotReady 6df3=NotReady | rayRunning=1
18:40:07 | health=DEGRADED  pending=0 ongoing=2 | 34t3:REPAIRING/ONGOING 6df3:REPAIRING/ONGOING | k8s: 34t3=NotReady 6df3=NotReady | rayRunning=1
18:41:15 | health=DEGRADED  pending=0 ongoing=2 | 34t3:REPAIRING/ONGOING 6df3:REPAIRING/ONGOING | k8s: 34t3=NotReady 6df3=NotReady | rayRunning=1
18:42:25 | health=DEGRADED  pending=0 ongoing=2 | 34t3:REPAIRING/ONGOING 6df3:REPAIRING/ONGOING | k8s: 34t3=NotReady 6df3=NotReady | rayRunning=1
18:43:32 | health=DEGRADED  pending=0 ongoing=2 | 34t3:REPAIRING/ONGOING 6df3:REPAIRING/ONGOING | k8s: 34t3=NotReady 6df3=NotReady | rayRunning=1
18:44:40 | health=DEGRADED  pending=0 ongoing=2 | 34t3:REPAIRING/ONGOING 6df3:REPAIRING/ONGOING | k8s: 34t3=NotReady 6df3=NotReady | rayRunning=1
18:45:47 | health=DEGRADED  pending=0 ongoing=2 | 34t3:REPAIRING/ONGOING 6df3:REPAIRING/ONGOING | k8s: 34t3=NotReady 6df3=NotReady | rayRunning=1
18:46:55 | health=DEGRADED  pending=0 ongoing=2 | 34t3:REPAIRING/ONGOING 6df3:REPAIRING/ONGOING | k8s: 34t3=NotReady 6df3=NotReady | rayRunning=1
18:48:02 | health=DEGRADED  pending=0 ongoing=2 | 34t3:REPAIRING/ONGOING 6df3:REPAIRING/ONGOING | k8s: 34t3=NotReady 6df3=NotReady | rayRunning=1
18:49:12 | health=DEGRADED  pending=0 ongoing=2 | 34t3:REPAIRING/ONGOING 6df3:REPAIRING/ONGOING | k8s: 34t3=NotReady 6df3=NotReady | rayRunning=1
18:50:22 | health=DEGRADED  pending=0 ongoing=2 | 34t3:REPAIRING/ONGOING 6df3:REPAIRING/ONGOING | k8s: 34t3=NotReady 6df3=NotReady | rayRunning=1
18:51:31 | health=DEGRADED  pending=0 ongoing=2 | 34t3:REPAIRING/ONGOING 6df3:REPAIRING/ONGOING | k8s: 34t3=NotReady 6df3=NotReady | rayRunning=1
18:52:44 | health=DEGRADED  pending=0 ongoing=2 | 34t3:REPAIRING/ONGOING 6df3:REPAIRING/ONGOING | k8s: 34t3=NotReady 6df3=NotReady | rayRunning=1
18:53:58 | health=DEGRADED  pending=0 ongoing=2 | 34t3:REPAIRING/ONGOING 6df3:REPAIRING/ONGOING | k8s: 34t3=NotReady 6df3=NotReady | rayRunning=1
18:55:11 | health=DEGRADED  pending=0 ongoing=2 | 34t3:REPAIRING/ONGOING 6df3:REPAIRING/ONGOING | k8s: 34t3=NotReady 6df3=NotReady | rayRunning=1
18:56:21 | health=DEGRADED  pending=0 ongoing=2 | 34t3:REPAIRING/ONGOING 6df3:REPAIRING/ONGOING | k8s: 34t3=NotReady 6df3=NotReady | rayRunning=1
18:57:30 | health=DEGRADED  pending=0 ongoing=2 | 34t3:REPAIRING/ONGOING 6df3:REPAIRING/ONGOING | k8s: 34t3=NotReady 6df3=NotReady | rayRunning=1
18:58:41 | health=DEGRADED  pending=0 ongoing=2 | 34t3:REPAIRING/ONGOING 6df3:REPAIRING/ONGOING | k8s: 34t3=NotReady 6df3=NotReady | rayRunning=1
18:59:51 | health=DEGRADED  pending=0 ongoing=2 | 34t3:REPAIRING/ONGOING 6df3:REPAIRING/ONGOING | k8s: 34t3=NotReady 6df3=NotReady | rayRunning=1
19:01:01 | health=DEGRADED  pending=0 ongoing=2 | 34t3:REPAIRING/ONGOING 6df3:REPAIRING/ONGOING | k8s: 34t3=NotReady 6df3=NotReady | rayRunning=1
19:02:12 | health=DEGRADED  pending=0 ongoing=2 | 34t3:REPAIRING/ONGOING 6df3:REPAIRING/ONGOING | k8s: 34t3=NotReady 6df3=NotReady | rayRunning=1
19:03:21 | health=DEGRADED  pending=0 ongoing=2 | 34t3:REPAIRING/ONGOING 6df3:REPAIRING/ONGOING | k8s: 34t3=NotReady 6df3=NotReady | rayRunning=1
19:04:32 | health=DEGRADED  pending=0 ongoing=2 | 34t3:REPAIRING/ONGOING 6df3:REPAIRING/ONGOING | k8s: 34t3=NotReady 6df3=NotReady | rayRunning=1
19:05:42 | health=DEGRADED  pending=0 ongoing=2 | 34t3:REPAIRING/ONGOING 6df3:REPAIRING/ONGOING | k8s: 34t3=NotReady 6df3=NotReady | rayRunning=1
19:06:51 | health=DEGRADED  pending=0 ongoing=2 | 34t3:REPAIRING/ONGOING 6df3:REPAIRING/ONGOING | k8s: 34t3=NotReady 6df3=NotReady | rayRunning=1
19:08:00 | health=DEGRADED  pending=0 ongoing=2 | 34t3:REPAIRING/ONGOING 6df3:REPAIRING/ONGOING | k8s: 34t3=NotReady 6df3=NotReady | rayRunning=1
19:09:10 | health=DEGRADED  pending=0 ongoing=2 | 34t3:REPAIRING/ONGOING 6df3:REPAIRING/ONGOING | k8s: 34t3=NotReady 6df3=NotReady | rayRunning=1
19:10:20 | health=DEGRADED  pending=0 ongoing=2 | 34t3:REPAIRING/ONGOING 6df3:REPAIRING/ONGOING | k8s: 34t3=NotReady 6df3=NotReady | rayRunning=1
19:11:28 | health=DEGRADED  pending=0 ongoing=2 | 34t3:REPAIRING/ONGOING 6df3:REPAIRING/ONGOING | k8s: 34t3=NotReady 6df3=NotReady | rayRunning=1
19:12:34 | health=DEGRADED  pending=0 ongoing=2 | 34t3:REPAIRING/ONGOING 6df3:REPAIRING/ONGOING | k8s: 34t3=NotReady 6df3=NotReady | rayRunning=1
19:13:42 | health=DEGRADED  pending=0 ongoing=2 | 34t3:REPAIRING/ONGOING 6df3:REPAIRING/ONGOING | k8s: 34t3=NotReady 6df3=NotReady | rayRunning=1
19:14:52 | health=DEGRADED  pending=0 ongoing=2 | 34t3:REPAIRING/ONGOING 6df3:REPAIRING/ONGOING | k8s: 34t3=NotReady 6df3=NotReady | rayRunning=1
19:16:03 | health=DEGRADED  pending=0 ongoing=2 | 34t3:REPAIRING/ONGOING 6df3:REPAIRING/ONGOING | k8s: 34t3=NotReady 6df3=NotReady | rayRunning=1
19:17:13 | health=DEGRADED  pending=0 ongoing=2 | 34t3:REPAIRING/ONGOING 6df3:REPAIRING/ONGOING | k8s: 34t3=NotReady 6df3=NotReady | rayRunning=1
19:18:22 | health=DEGRADED  pending=0 ongoing=2 | 34t3:REPAIRING/ONGOING 6df3:REPAIRING/ONGOING | k8s: 34t3=NotReady 6df3=NotReady | rayRunning=1
19:19:32 | health=DEGRADED  pending=0 ongoing=2 | 34t3:REPAIRING/ONGOING 6df3:REPAIRING/ONGOING | k8s: 34t3=NotReady 6df3=NotReady | rayRunning=1
19:20:41 | health=DEGRADED  pending=0 ongoing=2 | 34t3:REPAIRING/ONGOING 6df3:REPAIRING/ONGOING | k8s: 34t3=NotReady 6df3=NotReady | rayRunning=1
19:21:50 | health=DEGRADED  pending=0 ongoing=2 | 34t3:REPAIRING/ONGOING 6df3:REPAIRING/ONGOING | k8s: 34t3=NotReady 6df3=NotReady | rayRunning=1
19:22:59 | health=DEGRADED  pending=0 ongoing=2 | 34t3:REPAIRING/ONGOING 6df3:REPAIRING/ONGOING | k8s: 34t3=NotReady 6df3=NotReady | rayRunning=1
19:24:08 | health=DEGRADED  pending=0 ongoing=2 | 34t3:REPAIRING/ONGOING 6df3:REPAIRING/ONGOING | k8s: 34t3=NotReady 6df3=NotReady | rayRunning=1
19:25:17 | health=DEGRADED  pending=0 ongoing=2 | 34t3:REPAIRING/ONGOING 6df3:REPAIRING/ONGOING | k8s: 34t3=NotReady 6df3=NotReady | rayRunning=1
19:26:27 | health=DEGRADED  pending=0 ongoing=2 | 34t3:REPAIRING/ONGOING 6df3:REPAIRING/ONGOING | k8s: 34t3=NotReady 6df3=NotReady | rayRunning=1
19:27:37 | health=DEGRADED  pending=0 ongoing=2 | 34t3:REPAIRING/ONGOING 6df3:REPAIRING/ONGOING | k8s: 34t3=NotReady 6df3=NotReady | rayRunning=1
19:28:48 | health=DEGRADED  pending=0 ongoing=2 | 34t3:REPAIRING/ONGOING 6df3:REPAIRING/ONGOING | k8s: 34t3=NotReady 6df3=NotReady | rayRunning=1
19:29:56 | health=DEGRADED  pending=0 ongoing=2 | 34t3:REPAIRING/ONGOING 6df3:REPAIRING/ONGOING | k8s: 34t3=NotReady 6df3=NotReady | rayRunning=1
19:31:04 | health=DEGRADED  pending=0 ongoing=2 | 34t3:REPAIRING/ONGOING 6df3:REPAIRING/ONGOING | k8s: 34t3=NotReady 6df3=NotReady | rayRunning=1
19:32:11 | health=DEGRADED  pending=0 ongoing=2 | 34t3:REPAIRING/ONGOING 6df3:REPAIRING/ONGOING | k8s: 34t3=NotReady 6df3=NotReady | rayRunning=1
19:33:18 | health=DEGRADED  pending=0 ongoing=2 | 34t3:REPAIRING/ONGOING 6df3:REPAIRING/ONGOING | k8s: 34t3=NotReady 6df3=NotReady | rayRunning=1
19:34:26 | health=DEGRADED  pending=0 ongoing=2 | 34t3:REPAIRING/ONGOING 6df3:REPAIRING/ONGOING | k8s: 34t3=NotReady 6df3=NotReady | rayRunning=1
19:35:33 | health=DEGRADED  pending=0 ongoing=2 | 34t3:REPAIRING/ONGOING 6df3:REPAIRING/ONGOING | k8s: 34t3=NotReady 6df3=NotReady | rayRunning=1
19:36:41 | health=DEGRADED  pending=0 ongoing=2 | 34t3:REPAIRING/ONGOING 6df3:REPAIRING/ONGOING | k8s: 34t3=NotReady 6df3=NotReady | rayRunning=1
19:37:48 | health=DEGRADED  pending=0 ongoing=2 | 34t3:REPAIRING/ONGOING 6df3:REPAIRING/ONGOING | k8s: 34t3=NotReady 6df3=NotReady | rayRunning=1
19:38:56 | health=DEGRADED  pending=0 ongoing=2 | 34t3:REPAIRING/ONGOING 6df3:REPAIRING/ONGOING | k8s: 34t3=NotReady 6df3=NotReady | rayRunning=1
19:40:05 | health=DEGRADED  pending=0 ongoing=2 | 34t3:REPAIRING/ONGOING 6df3:REPAIRING/ONGOING | k8s: 34t3=NotReady 6df3=NotReady | rayRunning=1
19:41:15 | health=DEGRADED  pending=0 ongoing=2 | 34t3:REPAIRING/ONGOING 6df3:REPAIRING/ONGOING | k8s: 34t3=NotReady 6df3=NotReady | rayRunning=1
19:42:25 | health=DEGRADED  pending=0 ongoing=2 | 34t3:REPAIRING/ONGOING 6df3:REPAIRING/ONGOING | k8s: 34t3=NotReady 6df3=NotReady | rayRunning=1
19:43:32 | health=DEGRADED  pending=0 ongoing=2 | 34t3:REPAIRING/ONGOING 6df3:REPAIRING/ONGOING | k8s: 34t3=NotReady 6df3=NotReady | rayRunning=1
19:44:40 | health=DEGRADED  pending=0 ongoing=2 | 34t3:REPAIRING/ONGOING 6df3:REPAIRING/ONGOING | k8s: 34t3=NotReady 6df3=NotReady | rayRunning=1
19:45:48 | health=DEGRADED  pending=0 ongoing=2 | 34t3:REPAIRING/ONGOING 6df3:REPAIRING/ONGOING | k8s: 34t3=NotReady 6df3=NotReady | rayRunning=1
19:46:55 | health=DEGRADED  pending=0 ongoing=2 | 34t3:REPAIRING/ONGOING 6df3:REPAIRING/ONGOING | k8s: 34t3=NotReady 6df3=NotReady | rayRunning=1
19:48:02 | health=DEGRADED  pending=0 ongoing=2 | 34t3:REPAIRING/ONGOING 6df3:REPAIRING/ONGOING | k8s: 34t3=NotReady 6df3=NotReady | rayRunning=1
19:49:11 | health=DEGRADED  pending=0 ongoing=2 | 34t3:REPAIRING/ONGOING 6df3:REPAIRING/ONGOING | k8s: 34t3=NotReady 6df3=NotReady | rayRunning=1
19:50:21 | health=DEGRADED  pending=0 ongoing=2 | 34t3:REPAIRING/ONGOING 6df3:REPAIRING/ONGOING | k8s: 34t3=NotReady 6df3=NotReady | rayRunning=1
19:51:29 | health=DEGRADED  pending=0 ongoing=2 | 34t3:REPAIRING/ONGOING 6df3:REPAIRING/ONGOING | k8s: 34t3=NotReady 6df3=NotReady | rayRunning=1
19:52:37 | health=DEGRADED  pending=0 ongoing=2 | 34t3:REPAIRING/ONGOING 6df3:REPAIRING/ONGOING | k8s: 34t3=NotReady 6df3=NotReady | rayRunning=1
19:53:45 | health=DEGRADED  pending=0 ongoing=2 | 34t3:REPAIRING/ONGOING 6df3:REPAIRING/ONGOING | k8s: 34t3=NotReady 6df3=NotReady | rayRunning=1
19:54:53 | health=DEGRADED  pending=0 ongoing=2 | 34t3:REPAIRING/ONGOING 6df3:REPAIRING/ONGOING | k8s: 34t3=NotReady 6df3=NotReady | rayRunning=1
19:56:02 | health=DEGRADED  pending=0 ongoing=2 | 34t3:REPAIRING/ONGOING 6df3:REPAIRING/ONGOING | k8s: 34t3=NotReady 6df3=NotReady | rayRunning=1
19:57:10 | health=DEGRADED  pending=0 ongoing=2 | 34t3:REPAIRING/ONGOING 6df3:REPAIRING/ONGOING | k8s: 34t3=NotReady 6df3=NotReady | rayRunning=1
19:58:20 | health=DEGRADED  pending=0 ongoing=2 | 34t3:REPAIRING/ONGOING 6df3:REPAIRING/ONGOING | k8s: 34t3=NotReady 6df3=NotReady | rayRunning=1
19:59:28 | health=DEGRADED  pending=0 ongoing=2 | 34t3:REPAIRING/ONGOING 6df3:REPAIRING/ONGOING | k8s: 34t3=NotReady 6df3=NotReady | rayRunning=1
20:00:36 | health=DEGRADED  pending=0 ongoing=2 | 34t3:REPAIRING/ONGOING 6df3:REPAIRING/ONGOING | k8s: 34t3=NotReady 6df3=NotReady | rayRunning=1
20:01:44 | health=DEGRADED  pending=0 ongoing=2 | 34t3:REPAIRING/ONGOING 6df3:REPAIRING/ONGOING | k8s: 34t3=NotReady 6df3=NotReady | rayRunning=1
20:02:52 | health=DEGRADED  pending=0 ongoing=2 | 34t3:REPAIRING/ONGOING 6df3:REPAIRING/ONGOING | k8s: 34t3=NotReady 6df3=NotReady | rayRunning=1
20:04:03 | health=DEGRADED  pending=0 ongoing=2 | 34t3:REPAIRING/ONGOING 6df3:REPAIRING/ONGOING | k8s: 34t3=NotReady 6df3=NotReady | rayRunning=1
20:05:13 | health=DEGRADED  pending=0 ongoing=2 | 34t3:REPAIRING/ONGOING 6df3:REPAIRING/ONGOING | k8s: 34t3=NotReady 6df3=NotReady | rayRunning=1
20:06:22 | health=DEGRADED  pending=0 ongoing=2 | 34t3:REPAIRING/ONGOING 6df3:REPAIRING/ONGOING | k8s: 34t3=NotReady 6df3=NotReady | rayRunning=1
20:07:29 | health=DEGRADED  pending=0 ongoing=2 | 34t3:REPAIRING/ONGOING 6df3:REPAIRING/ONGOING | k8s: 34t3=NotReady 6df3=NotReady | rayRunning=1
20:08:37 | health=DEGRADED  pending=0 ongoing=2 | 34t3:REPAIRING/ONGOING 6df3:REPAIRING/ONGOING | k8s: 34t3=NotReady 6df3=NotReady | rayRunning=1
20:09:46 | health=DEGRADED  pending=0 ongoing=2 | 34t3:REPAIRING/ONGOING 6df3:REPAIRING/ONGOING | k8s: 34t3=NotReady 6df3=NotReady | rayRunning=1
20:10:55 | health=DEGRADED  pending=0 ongoing=2 | 34t3:REPAIRING/ONGOING 6df3:REPAIRING/ONGOING | k8s: 34t3=NotReady 6df3=NotReady | rayRunning=1
20:12:04 | health=DEGRADED  pending=0 ongoing=2 | 34t3:REPAIRING/ONGOING 6df3:REPAIRING/ONGOING | k8s: 34t3=NotReady 6df3=NotReady | rayRunning=1
20:13:14 | health=DEGRADED  pending=0 ongoing=2 | 34t3:REPAIRING/ONGOING 6df3:REPAIRING/ONGOING | k8s: 34t3=NotReady 6df3=NotReady | rayRunning=1
20:14:23 | health=DEGRADED  pending=0 ongoing=2 | 34t3:REPAIRING/ONGOING 6df3:REPAIRING/ONGOING | k8s: 34t3=NotReady 6df3=NotReady | rayRunning=1
20:15:32 | health=DEGRADED  pending=0 ongoing=2 | 34t3:REPAIRING/ONGOING 6df3:REPAIRING/ONGOING | k8s: 34t3=NotReady 6df3=NotReady | rayRunning=1
20:16:40 | health=DEGRADED  pending=0 ongoing=2 | 34t3:REPAIRING/ONGOING 6df3:REPAIRING/ONGOING | k8s: 34t3=NotReady 6df3=NotReady | rayRunning=1
20:17:48 | health=DEGRADED  pending=0 ongoing=2 | 34t3:REPAIRING/ONGOING 6df3:REPAIRING/ONGOING | k8s: 34t3=NotReady 6df3=NotReady | rayRunning=1
20:18:57 | health=DEGRADED  pending=0 ongoing=2 | 34t3:REPAIRING/ONGOING 6df3:REPAIRING/ONGOING | k8s: 34t3=NotReady 6df3=NotReady | rayRunning=1
20:20:05 | health=DEGRADED  pending=0 ongoing=2 | 34t3:REPAIRING/ONGOING 6df3:REPAIRING/ONGOING | k8s: 34t3=NotReady 6df3=NotReady | rayRunning=1
20:21:12 | health=DEGRADED  pending=0 ongoing=2 | 34t3:REPAIRING/ONGOING 6df3:REPAIRING/ONGOING | k8s: 34t3=NotReady 6df3=NotReady | rayRunning=1
20:22:20 | health=DEGRADED  pending=0 ongoing=2 | 34t3:REPAIRING/ONGOING 6df3:REPAIRING/ONGOING | k8s: 34t3=NotReady 6df3=NotReady | rayRunning=1
20:23:27 | health=DEGRADED  pending=0 ongoing=2 | 34t3:REPAIRING/ONGOING 6df3:REPAIRING/ONGOING | k8s: 34t3=NotReady 6df3=NotReady | rayRunning=1
20:24:34 | health=DEGRADED  pending=0 ongoing=2 | 34t3:REPAIRING/ONGOING 6df3:REPAIRING/ONGOING | k8s: 34t3=NotReady 6df3=NotReady | rayRunning=1
20:25:42 | health=DEGRADED  pending=0 ongoing=2 | 34t3:REPAIRING/ONGOING 6df3:REPAIRING/ONGOING | k8s: 34t3=NotReady 6df3=NotReady | rayRunning=1
20:26:50 | health=DEGRADED  pending=0 ongoing=2 | 34t3:REPAIRING/ONGOING 6df3:REPAIRING/ONGOING | k8s: 34t3=NotReady 6df3=NotReady | rayRunning=1
20:27:59 | health=DEGRADED  pending=0 ongoing=2 | 34t3:REPAIRING/ONGOING 6df3:REPAIRING/ONGOING | k8s: 34t3=NotReady 6df3=NotReady | rayRunning=1
20:29:07 | health=DEGRADED  pending=0 ongoing=2 | 34t3:REPAIRING/ONGOING 6df3:REPAIRING/ONGOING | k8s: 34t3=NotReady 6df3=NotReady | rayRunning=1
20:30:17 | health=DEGRADED  pending=0 ongoing=2 | 34t3:REPAIRING/ONGOING 6df3:REPAIRING/ONGOING | k8s: 34t3=NotReady 6df3=NotReady | rayRunning=1
20:31:27 | health=DEGRADED  pending=0 ongoing=2 | 34t3:REPAIRING/ONGOING 6df3:REPAIRING/ONGOING | k8s: 34t3=NotReady 6df3=NotReady | rayRunning=1
20:32:37 | health=DEGRADED  pending=0 ongoing=2 | 34t3:REPAIRING/ONGOING 6df3:REPAIRING/ONGOING | k8s: 34t3=NotReady 6df3=NotReady | rayRunning=1
20:33:48 | health=DEGRADED  pending=0 ongoing=2 | 34t3:REPAIRING/ONGOING 6df3:REPAIRING/ONGOING | k8s: 34t3=NotReady 6df3=NotReady | rayRunning=1
20:34:58 | health=DEGRADED  pending=0 ongoing=2 | 34t3:REPAIRING/ONGOING 6df3:REPAIRING/ONGOING | k8s: 34t3=NotReady 6df3=NotReady | rayRunning=1
20:36:10 | health=DEGRADED  pending=0 ongoing=2 | 34t3:REPAIRING/ONGOING 6df3:REPAIRING/ONGOING | k8s: 34t3=NotReady 6df3=NotReady | rayRunning=1
20:37:19 | health=DEGRADED  pending=0 ongoing=2 | 34t3:REPAIRING/ONGOING 6df3:REPAIRING/ONGOING | k8s: 34t3=NotReady 6df3=NotReady | rayRunning=1
20:38:28 | health=DEGRADED  pending=0 ongoing=2 | 34t3:REPAIRING/ONGOING 6df3:REPAIRING/ONGOING | k8s: 34t3=NotReady 6df3=NotReady | rayRunning=1
20:39:38 | health=DEGRADED  pending=0 ongoing=2 | 34t3:REPAIRING/ONGOING 6df3:REPAIRING/ONGOING | k8s: 34t3=NotReady 6df3=NotReady | rayRunning=1
20:40:46 | health=DEGRADED  pending=0 ongoing=2 | 34t3:REPAIRING/ONGOING 6df3:REPAIRING/ONGOING | k8s: 34t3=NotReady 6df3=NotReady | rayRunning=1
20:41:55 | health=DEGRADED  pending=0 ongoing=2 | 34t3:REPAIRING/ONGOING 6df3:REPAIRING/ONGOING | k8s: 34t3=NotReady 6df3=NotReady | rayRunning=1
20:43:04 | health=DEGRADED  pending=0 ongoing=2 | 34t3:REPAIRING/ONGOING 6df3:REPAIRING/ONGOING | k8s: 34t3=NotReady 6df3=NotReady | rayRunning=1
20:44:13 | health=DEGRADED  pending=0 ongoing=2 | 34t3:REPAIRING/ONGOING 6df3:REPAIRING/ONGOING | k8s: 34t3=NotReady 6df3=NotReady | rayRunning=1
20:45:24 | health=DEGRADED  pending=0 ongoing=2 | 34t3:REPAIRING/ONGOING 6df3:REPAIRING/ONGOING | k8s: 34t3=NotReady 6df3=NotReady | rayRunning=1
20:46:33 | health=DEGRADED  pending=0 ongoing=2 | 34t3:REPAIRING/ONGOING 6df3:REPAIRING/ONGOING | k8s: 34t3=NotReady 6df3=NotReady | rayRunning=1
20:47:42 | health=DEGRADED  pending=0 ongoing=2 | 34t3:REPAIRING/ONGOING 6df3:REPAIRING/ONGOING | k8s: 34t3=NotReady 6df3=NotReady | rayRunning=1
20:48:52 | health=DEGRADED  pending=0 ongoing=2 | 34t3:REPAIRING/ONGOING 6df3:REPAIRING/ONGOING | k8s: 34t3=NotReady 6df3=NotReady | rayRunning=1
20:50:01 | health=DEGRADED  pending=0 ongoing=2 | 34t3:REPAIRING/ONGOING 6df3:REPAIRING/ONGOING | k8s: 34t3=NotReady 6df3=NotReady | rayRunning=1
20:51:11 | health=DEGRADED  pending=0 ongoing=2 | 34t3:REPAIRING/ONGOING 6df3:REPAIRING/ONGOING | k8s: 34t3=NotReady 6df3=NotReady | rayRunning=1
20:52:20 | health=DEGRADED  pending=0 ongoing=2 | 34t3:REPAIRING/ONGOING 6df3:REPAIRING/ONGOING | k8s: 34t3=NotReady 6df3=NotReady | rayRunning=1
20:53:28 | health=DEGRADED  pending=0 ongoing=2 | 34t3:REPAIRING/ONGOING 6df3:REPAIRING/ONGOING | k8s: 34t3=NotReady 6df3=NotReady | rayRunning=1
20:54:38 | health=DEGRADED  pending=0 ongoing=2 | 34t3:REPAIRING/ONGOING 6df3:REPAIRING/ONGOING | k8s: 34t3=NotReady 6df3=NotReady | rayRunning=1
20:55:47 | health=DEGRADED  pending=0 ongoing=2 | 34t3:REPAIRING/ONGOING 6df3:REPAIRING/ONGOING | k8s: 34t3=NotReady 6df3=NotReady | rayRunning=1
20:56:54 | health=DEGRADED  pending=0 ongoing=2 | 34t3:REPAIRING/ONGOING 6df3:REPAIRING/ONGOING | k8s: 34t3=NotReady 6df3=NotReady | rayRunning=1
20:58:02 | health=DEGRADED  pending=0 ongoing=2 | 34t3:REPAIRING/ONGOING 6df3:REPAIRING/ONGOING | k8s: 34t3=NotReady 6df3=NotReady | rayRunning=1
20:59:10 | health=DEGRADED  pending=0 ongoing=2 | 34t3:REPAIRING/ONGOING 6df3:REPAIRING/ONGOING | k8s: 34t3=NotReady 6df3=NotReady | rayRunning=1
21:00:18 | health=DEGRADED  pending=0 ongoing=2 | 34t3:REPAIRING/ONGOING 6df3:RUNNING/ONGOING | k8s: 34t3=NotReady 6df3=NotReady | rayRunning=1
21:01:26 | health=DEGRADED  pending=0 ongoing=2 | 34t3:REPAIRING/ONGOING 6df3:RUNNING/ONGOING | k8s: 34t3=NotReady 6df3=Ready | rayRunning=1
21:02:33 | health=DEGRADED  pending=0 ongoing=2 | 34t3:REPAIRING/ONGOING 6df3:RUNNING/ONGOING | k8s: 34t3=NotReady 6df3=Ready | rayRunning=2
21:03:41 | health=DEGRADED  pending=0 ongoing=2 | 34t3:REPAIRING/ONGOING 6df3:RUNNING/ONGOING | k8s: 34t3=NotReady 6df3=Ready | rayRunning=2
21:04:49 | health=DEGRADED  pending=0 ongoing=2 | 34t3:REPAIRING/ONGOING 6df3:RUNNING/- | k8s: 34t3=NotReady 6df3=Ready | rayRunning=2
21:05:58 | health=DEGRADED  pending=0 ongoing=1 | 34t3:REPAIRING/ONGOING 6df3:RUNNING/- | k8s: 34t3=NotReady 6df3=Ready | rayRunning=2
21:07:05 | health=DEGRADED  pending=0 ongoing=1 | 34t3:REPAIRING/ONGOING 6df3:RUNNING/- | k8s: 34t3=NotReady 6df3=Ready | rayRunning=2
21:08:13 | health=DEGRADED  pending=0 ongoing=1 | 34t3:REPAIRING/ONGOING 6df3:RUNNING/- | k8s: 34t3=NotReady 6df3=Ready | rayRunning=2
21:09:22 | health=DEGRADED  pending=0 ongoing=1 | 34t3:REPAIRING/ONGOING 6df3:RUNNING/- | k8s: 34t3=NotReady 6df3=Ready | rayRunning=2
21:10:30 | health=DEGRADED  pending=0 ongoing=1 | 34t3:REPAIRING/ONGOING 6df3:RUNNING/- | k8s: 34t3=NotReady 6df3=Ready | rayRunning=2
21:11:39 | health=DEGRADED  pending=0 ongoing=1 | 34t3:REPAIRING/ONGOING 6df3:RUNNING/- | k8s: 34t3=NotReady 6df3=Ready | rayRunning=2
21:12:48 | health=DEGRADED  pending=0 ongoing=1 | 34t3:REPAIRING/ONGOING 6df3:RUNNING/- | k8s: 34t3=NotReady 6df3=Ready | rayRunning=2
21:13:58 | health=DEGRADED  pending=0 ongoing=1 | 34t3:REPAIRING/ONGOING 6df3:RUNNING/- | k8s: 34t3=NotReady 6df3=Ready | rayRunning=2
21:15:07 | health=DEGRADED  pending=0 ongoing=1 | 34t3:REPAIRING/ONGOING 6df3:RUNNING/- | k8s: 34t3=NotReady 6df3=Ready | rayRunning=2
21:16:15 | health=DEGRADED  pending=0 ongoing=1 | 34t3:REPAIRING/ONGOING 6df3:RUNNING/- | k8s: 34t3=NotReady 6df3=Ready | rayRunning=2
21:17:23 | health=DEGRADED  pending=0 ongoing=1 | 34t3:REPAIRING/ONGOING 6df3:RUNNING/- | k8s: 34t3=NotReady 6df3=Ready | rayRunning=2
21:18:31 | health=DEGRADED  pending=0 ongoing=1 | 34t3:REPAIRING/ONGOING 6df3:RUNNING/- | k8s: 34t3=NotReady 6df3=Ready | rayRunning=2
21:19:39 | health=DEGRADED  pending=0 ongoing=1 | 34t3:REPAIRING/ONGOING 6df3:RUNNING/- | k8s: 34t3=NotReady 6df3=Ready | rayRunning=2
21:20:45 | health=DEGRADED  pending=0 ongoing=1 | 34t3:REPAIRING/ONGOING 6df3:RUNNING/- | k8s: 34t3=NotReady 6df3=Ready | rayRunning=2
21:21:55 | health=DEGRADED  pending=0 ongoing=1 | 34t3:REPAIRING/ONGOING 6df3:RUNNING/- | k8s: 34t3=NotReady 6df3=Ready | rayRunning=2
21:23:03 | health=DEGRADED  pending=0 ongoing=1 | 34t3:REPAIRING/ONGOING 6df3:RUNNING/- | k8s: 34t3=NotReady 6df3=Ready | rayRunning=2
21:24:13 | health=DEGRADED  pending=0 ongoing=1 | 34t3:REPAIRING/ONGOING 6df3:RUNNING/- | k8s: 34t3=NotReady 6df3=Ready | rayRunning=2
21:25:21 | health=DEGRADED  pending=0 ongoing=1 | 34t3:REPAIRING/ONGOING 6df3:RUNNING/- | k8s: 34t3=NotReady 6df3=Ready | rayRunning=2
21:26:29 | health=DEGRADED  pending=0 ongoing=1 | 34t3:REPAIRING/ONGOING 6df3:RUNNING/- | k8s: 34t3=NotReady 6df3=Ready | rayRunning=2
21:27:39 | health=DEGRADED  pending=0 ongoing=1 | 34t3:REPAIRING/ONGOING 6df3:RUNNING/- | k8s: 34t3=NotReady 6df3=Ready | rayRunning=2
21:28:47 | health=DEGRADED  pending=0 ongoing=1 | 34t3:REPAIRING/ONGOING 6df3:RUNNING/- | k8s: 34t3=NotReady 6df3=Ready | rayRunning=2
21:29:55 | health=DEGRADED  pending=0 ongoing=1 | 34t3:REPAIRING/ONGOING 6df3:RUNNING/- | k8s: 34t3=NotReady 6df3=Ready | rayRunning=2
21:31:02 | health=DEGRADED  pending=0 ongoing=1 | 34t3:REPAIRING/ONGOING 6df3:RUNNING/- | k8s: 34t3=NotReady 6df3=Ready | rayRunning=2
21:32:09 | health=DEGRADED  pending=0 ongoing=1 | 34t3:REPAIRING/ONGOING 6df3:RUNNING/- | k8s: 34t3=NotReady 6df3=Ready | rayRunning=2
21:33:17 | health=DEGRADED  pending=0 ongoing=1 | 34t3:REPAIRING/ONGOING 6df3:RUNNING/- | k8s: 34t3=NotReady 6df3=Ready | rayRunning=2
21:34:26 | health=DEGRADED  pending=0 ongoing=1 | 34t3:REPAIRING/ONGOING 6df3:RUNNING/- | k8s: 34t3=NotReady 6df3=Ready | rayRunning=2
21:35:34 | health=DEGRADED  pending=0 ongoing=1 | 34t3:REPAIRING/ONGOING 6df3:RUNNING/- | k8s: 34t3=NotReady 6df3=Ready | rayRunning=2
21:36:41 | health=DEGRADED  pending=0 ongoing=1 | 34t3:REPAIRING/ONGOING 6df3:RUNNING/- | k8s: 34t3=NotReady 6df3=Ready | rayRunning=2
21:37:49 | health=DEGRADED  pending=0 ongoing=1 | 34t3:REPAIRING/ONGOING 6df3:RUNNING/- | k8s: 34t3=NotReady 6df3=Ready | rayRunning=2
21:38:56 | health=DEGRADED  pending=0 ongoing=1 | 34t3:REPAIRING/ONGOING 6df3:RUNNING/- | k8s: 34t3=NotReady 6df3=Ready | rayRunning=2
21:40:03 | health=DEGRADED  pending=0 ongoing=1 | 34t3:REPAIRING/ONGOING 6df3:RUNNING/- | k8s: 34t3=NotReady 6df3=Ready | rayRunning=2
21:41:12 | health=DEGRADED  pending=0 ongoing=1 | 34t3:REPAIRING/ONGOING 6df3:RUNNING/- | k8s: 34t3=NotReady 6df3=Ready | rayRunning=2
21:42:23 | health=DEGRADED  pending=0 ongoing=1 | 34t3:REPAIRING/ONGOING 6df3:RUNNING/- | k8s: 34t3=NotReady 6df3=Ready | rayRunning=2
21:43:34 | health=DEGRADED  pending=0 ongoing=1 | 34t3:REPAIRING/ONGOING 6df3:RUNNING/- | k8s: 34t3=NotReady 6df3=Ready | rayRunning=2
21:44:43 | health=DEGRADED  pending=0 ongoing=1 | 34t3:REPAIRING/ONGOING 6df3:RUNNING/- | k8s: 34t3=NotReady 6df3=Ready | rayRunning=2
21:45:53 | health=DEGRADED  pending=0 ongoing=1 | 34t3:REPAIRING/ONGOING 6df3:RUNNING/- | k8s: 34t3=NotReady 6df3=Ready | rayRunning=2
21:47:03 | health=DEGRADED  pending=0 ongoing=1 | 34t3:REPAIRING/ONGOING 6df3:RUNNING/- | k8s: 34t3=NotReady 6df3=Ready | rayRunning=2
21:48:11 | health=DEGRADED  pending=None ongoing=None | 34t3:REPAIRING/ONGOING 6df3:RUNNING/- | k8s: 34t3=NotReady 6df3=Ready | rayRunning=2
21:49:21 | health=DEGRADED  pending=None ongoing=None | 34t3:REPAIRING/ONGOING 6df3:RUNNING/- | k8s: 34t3=NotReady 6df3=Ready | rayRunning=2
21:50:30 | health=DEGRADED  pending=None ongoing=None | 34t3:REPAIRING/ONGOING 6df3:RUNNING/- | k8s: 34t3=NotReady 6df3=Ready | rayRunning=2
21:51:39 | health=DEGRADED  pending=None ongoing=None | 34t3:REPAIRING/ONGOING 6df3:RUNNING/- | k8s: 34t3=NotReady 6df3=Ready | rayRunning=2
21:52:48 | health=DEGRADED  pending=None ongoing=None | 34t3:REPAIRING/ONGOING 6df3:RUNNING/- | k8s: 34t3=NotReady 6df3=Ready | rayRunning=2
21:53:58 | health=DEGRADED  pending=None ongoing=None | 34t3:REPAIRING/ONGOING 6df3:RUNNING/- | k8s: 34t3=NotReady 6df3=Ready | rayRunning=2
21:55:06 | health=DEGRADED  pending=None ongoing=None | 34t3:REPAIRING/ONGOING 6df3:RUNNING/- | k8s: 34t3=NotReady 6df3=Ready | rayRunning=2
21:56:14 | health=DEGRADED  pending=None ongoing=None | 34t3:REPAIRING/ONGOING 6df3:RUNNING/- | k8s: 34t3=NotReady 6df3=Ready | rayRunning=2
21:57:22 | health=DEGRADED  pending=None ongoing=None | 34t3:REPAIRING/ONGOING 6df3:RUNNING/- | k8s: 34t3=NotReady 6df3=Ready | rayRunning=2
21:58:30 | health=DEGRADED  pending=None ongoing=None | 34t3:REPAIRING/ONGOING 6df3:RUNNING/- | k8s: 34t3=NotReady 6df3=Ready | rayRunning=2
21:59:39 | health=DEGRADED  pending=None ongoing=None | 34t3:REPAIRING/ONGOING 6df3:RUNNING/- | k8s: 34t3=NotReady 6df3=Ready | rayRunning=2
22:00:46 | health=DEGRADED  pending=None ongoing=None | 34t3:REPAIRING/ONGOING 6df3:RUNNING/- | k8s: 34t3=NotReady 6df3=Ready | rayRunning=2
22:01:53 | health=HEALTHY   pending=None ongoing=None | 34t3:REPAIRING/- 6df3:RUNNING/- | k8s: 34t3=NotReady 6df3=Ready | rayRunning=2
22:03:03 | health=HEALTHY   pending=None ongoing=None | 34t3:REPAIRING/- 6df3:RUNNING/- | k8s: 34t3=NotReady 6df3=Ready | rayRunning=2
22:04:14 | health=HEALTHY   pending=None ongoing=None | 34t3:REPAIRING/- 6df3:RUNNING/- | k8s: 34t3=NotReady 6df3=Ready | rayRunning=2
22:05:23 | health=HEALTHY   pending=None ongoing=None | 34t3:REPAIRING/- 6df3:RUNNING/- | k8s: 34t3=NotReady 6df3=Ready | rayRunning=2
22:06:31 | health=HEALTHY   pending=None ongoing=None | 34t3:REPAIRING/- 6df3:RUNNING/- | k8s: 34t3=NotReady 6df3=Ready | rayRunning=2
22:07:40 | health=HEALTHY   pending=None ongoing=None | 34t3:RUNNING/- 6df3:RUNNING/- | k8s: 34t3=NotReady 6df3=Ready | rayRunning=2
22:08:48 | health=HEALTHY   pending=None ongoing=None | 34t3:RUNNING/- 6df3:RUNNING/- | k8s: 34t3=NotReady 6df3=Ready | rayRunning=2
22:09:58 | health=HEALTHY   pending=None ongoing=None | 34t3:RUNNING/- 6df3:RUNNING/- | k8s: 34t3=Ready 6df3=Ready | rayRunning=2
22:11:07 | health=HEALTHY   pending=None ongoing=None | 34t3:RUNNING/- 6df3:RUNNING/- | k8s: 34t3=Ready 6df3=Ready | rayRunning=2
22:12:14 | health=HEALTHY   pending=None ongoing=None | 34t3:RUNNING/- 6df3:RUNNING/- | k8s: 34t3=Ready 6df3=Ready | rayRunning=2
22:13:22 | health=HEALTHY   pending=None ongoing=None | 34t3:RUNNING/- 6df3:RUNNING/- | k8s: 34t3=Ready 6df3=Ready | rayRunning=3
22:14:30 | health=HEALTHY   pending=None ongoing=None | 34t3:RUNNING/- 6df3:RUNNING/- | k8s: 34t3=Ready 6df3=Ready | rayRunning=3
22:15:38 | health=HEALTHY   pending=None ongoing=None | 34t3:RUNNING/- 6df3:RUNNING/- | k8s: 34t3=Ready 6df3=Ready | rayRunning=3
22:16:45 | health=HEALTHY   pending=None ongoing=None | 34t3:RUNNING/- 6df3:RUNNING/- | k8s: 34t3=Ready 6df3=Ready | rayRunning=3
22:17:53 | health=HEALTHY   pending=None ongoing=None | 34t3:RUNNING/- 6df3:RUNNING/- | k8s: 34t3=Ready 6df3=Ready | rayRunning=3
22:19:02 | health=HEALTHY   pending=None ongoing=None | 34t3:RUNNING/- 6df3:RUNNING/- | k8s: 34t3=Ready 6df3=Ready | rayRunning=3
22:20:11 | health=HEALTHY   pending=None ongoing=None | 34t3:RUNNING/- 6df3:RUNNING/- | k8s: 34t3=Ready 6df3=Ready | rayRunning=3
22:21:17 | health=HEALTHY   pending=None ongoing=None | 34t3:RUNNING/- 6df3:RUNNING/- | k8s: 34t3=Ready 6df3=Ready | rayRunning=3
22:22:25 | health=HEALTHY   pending=None ongoing=None | 34t3:RUNNING/- 6df3:RUNNING/- | k8s: 34t3=Ready 6df3=Ready | rayRunning=3
22:23:33 | health=HEALTHY   pending=None ongoing=None | 34t3:RUNNING/- 6df3:RUNNING/- | k8s: 34t3=Ready 6df3=Ready | rayRunning=3
22:24:42 | health=HEALTHY   pending=None ongoing=None | 34t3:RUNNING/- 6df3:RUNNING/- | k8s: 34t3=Ready 6df3=Ready | rayRunning=3
22:25:50 | health=HEALTHY   pending=None ongoing=None | 34t3:RUNNING/- 6df3:RUNNING/- | k8s: 34t3=Ready 6df3=Ready | rayRunning=3
22:27:00 | health=HEALTHY   pending=None ongoing=None | 34t3:RUNNING/- 6df3:RUNNING/- | k8s: 34t3=Ready 6df3=Ready | rayRunning=3
22:28:09 | health=HEALTHY   pending=None ongoing=None | 34t3:RUNNING/- 6df3:RUNNING/- | k8s: 34t3=Ready 6df3=Ready | rayRunning=3
22:29:20 | health=HEALTHY   pending=None ongoing=None | 34t3:RUNNING/- 6df3:RUNNING/- | k8s: 34t3=Ready 6df3=Ready | rayRunning=3
22:30:27 | health=HEALTHY   pending=None ongoing=None | 34t3:RUNNING/- 6df3:RUNNING/- | k8s: 34t3=Ready 6df3=Ready | rayRunning=3
22:31:33 | health=HEALTHY   pending=None ongoing=None | 34t3:RUNNING/- 6df3:RUNNING/- | k8s: 34t3=Ready 6df3=Ready | rayRunning=3
22:32:40 | health=HEALTHY   pending=None ongoing=None | 34t3:RUNNING/- 6df3:RUNNING/- | k8s: 34t3=Ready 6df3=Ready | rayRunning=3
22:33:47 | health=HEALTHY   pending=None ongoing=None | 34t3:RUNNING/- 6df3:RUNNING/- | k8s: 34t3=Ready 6df3=Ready | rayRunning=3
22:34:55 | health=HEALTHY   pending=None ongoing=None | 34t3:RUNNING/- 6df3:RUNNING/- | k8s: 34t3=Ready 6df3=Ready | rayRunning=3
