20:55:35.003 | T      +0.0s | BASELINE | {"34t3_maint": "CLEAR", "34t3_reasons": null, "34t3_resched": null, "34t3_type": null, "34t3_vm": "RUNNING", "34t3_win": null, "34t3_winend": null, "6df3_maint": "CLEAR", "6df3_reasons": null, "6df3_resched": null, "6df3_type": null, "6df3_vm": "RUNNING", "6df3_win": null, "6df3_winend": null, "block_degraded": null, "block_health": "HEALTHY", "block_ongoing": null, "block_pending": null, "block_reasons": null, "ongoing": null, "pending": null, "res_health": "HEALTHY"}
20:55:53.968 | T     +19.0s | heartbeat | res=HEALTHY block=HEALTHY 34t3=CLEAR
21:00:59.663 | T    +324.7s | heartbeat | res=HEALTHY block=HEALTHY 34t3=CLEAR
21:03:24.614 | T    +469.6s | CHANGE   | {"block_health": ["HEALTHY", "DEGRADED"], "res_health": ["HEALTHY", "DEGRADED"]}
21:06:05.420 | T    +630.4s | heartbeat | res=DEGRADED block=DEGRADED 34t3=CLEAR
21:11:11.028 | T    +936.0s | CHANGE   | {"34t3_maint": ["CLEAR", "PENDING"], "34t3_reasons": [null, ["FAILURE_GPU_XID", "FAILURE_GPU"]], "34t3_resched": [null, true], "34t3_type": [null, "UNSCHEDULED"], "34t3_win": [null, "2026-09-11T00:00:00Z"], "34t3_winend": [null, "2026-09-11T04:00:00Z"], "block_ongoing": [null, 0], "block_pending": [null, 1], "ongoing": [null, 0], "pending": [null, 1]}
21:11:27.047 | T    +952.0s | heartbeat | res=DEGRADED block=DEGRADED 34t3=PENDING
21:16:33.960 | T   +1259.0s | heartbeat | res=DEGRADED block=DEGRADED 34t3=PENDING
21:21:39.473 | T   +1564.5s | heartbeat | res=DEGRADED block=DEGRADED 34t3=PENDING
21:26:44.558 | T   +1869.6s | heartbeat | res=DEGRADED block=DEGRADED 34t3=PENDING
21:31:49.397 | T   +2174.4s | heartbeat | res=DEGRADED block=DEGRADED 34t3=PENDING
21:36:54.873 | T   +2479.9s | heartbeat | res=DEGRADED block=DEGRADED 34t3=PENDING
21:41:59.908 | T   +2784.9s | heartbeat | res=DEGRADED block=DEGRADED 34t3=PENDING
21:47:07.919 | T   +3092.9s | heartbeat | res=DEGRADED block=DEGRADED 34t3=PENDING
21:52:12.901 | T   +3397.9s | heartbeat | res=DEGRADED block=DEGRADED 34t3=PENDING
21:57:19.328 | T   +3704.3s | heartbeat | res=DEGRADED block=DEGRADED 34t3=PENDING
22:02:24.496 | T   +4009.5s | heartbeat | res=DEGRADED block=DEGRADED 34t3=PENDING
22:07:29.792 | T   +4314.8s | heartbeat | res=DEGRADED block=DEGRADED 34t3=PENDING
22:12:34.824 | T   +4619.8s | heartbeat | res=DEGRADED block=DEGRADED 34t3=PENDING
22:17:40.832 | T   +4925.8s | heartbeat | res=DEGRADED block=DEGRADED 34t3=PENDING
22:22:45.423 | T   +5230.4s | heartbeat | res=DEGRADED block=DEGRADED 34t3=PENDING
22:27:50.407 | T   +5535.4s | heartbeat | res=DEGRADED block=DEGRADED 34t3=PENDING
22:32:54.840 | T   +5839.8s | heartbeat | res=DEGRADED block=DEGRADED 34t3=PENDING
22:38:03.903 | T   +6148.9s | heartbeat | res=DEGRADED block=DEGRADED 34t3=PENDING
22:43:10.253 | T   +6455.3s | heartbeat | res=DEGRADED block=DEGRADED 34t3=PENDING
22:48:14.471 | T   +6759.5s | heartbeat | res=DEGRADED block=DEGRADED 34t3=PENDING
22:53:19.011 | T   +7064.0s | heartbeat | res=DEGRADED block=DEGRADED 34t3=PENDING
22:58:23.005 | T   +7368.0s | heartbeat | res=DEGRADED block=DEGRADED 34t3=PENDING
23:03:27.713 | T   +7672.7s | heartbeat | res=DEGRADED block=DEGRADED 34t3=PENDING
23:08:32.456 | T   +7977.5s | heartbeat | res=DEGRADED block=DEGRADED 34t3=PENDING
23:13:37.357 | T   +8282.4s | heartbeat | res=DEGRADED block=DEGRADED 34t3=PENDING
23:18:41.850 | T   +8586.8s | heartbeat | res=DEGRADED block=DEGRADED 34t3=PENDING
23:23:46.135 | T   +8891.1s | heartbeat | res=DEGRADED block=DEGRADED 34t3=PENDING
23:28:53.145 | T   +9198.1s | heartbeat | res=DEGRADED block=DEGRADED 34t3=PENDING
23:33:58.177 | T   +9503.2s | heartbeat | res=DEGRADED block=DEGRADED 34t3=PENDING
23:39:02.507 | T   +9807.5s | heartbeat | res=DEGRADED block=DEGRADED 34t3=PENDING
23:44:06.819 | T  +10111.8s | heartbeat | res=DEGRADED block=DEGRADED 34t3=PENDING
23:49:12.308 | T  +10417.3s | heartbeat | res=DEGRADED block=DEGRADED 34t3=PENDING
23:54:17.519 | T  +10722.5s | heartbeat | res=DEGRADED block=DEGRADED 34t3=PENDING
23:59:22.012 | T  +11027.0s | heartbeat | res=DEGRADED block=DEGRADED 34t3=PENDING
00:04:27.110 | T  +11332.1s | heartbeat | res=DEGRADED block=DEGRADED 34t3=PENDING
00:09:34.146 | T  +11639.1s | heartbeat | res=DEGRADED block=DEGRADED 34t3=PENDING
00:14:39.548 | T  +11944.5s | heartbeat | res=DEGRADED block=DEGRADED 34t3=PENDING
00:19:51.922 | T  +12256.9s | heartbeat | res=DEGRADED block=DEGRADED 34t3=PENDING
00:24:56.616 | T  +12561.6s | heartbeat | res=DEGRADED block=DEGRADED 34t3=PENDING
00:30:01.503 | T  +12866.5s | heartbeat | res=DEGRADED block=DEGRADED 34t3=PENDING
00:35:06.803 | T  +13171.8s | heartbeat | res=DEGRADED block=DEGRADED 34t3=PENDING
00:40:10.780 | T  +13475.8s | heartbeat | res=DEGRADED block=DEGRADED 34t3=PENDING
00:45:14.610 | T  +13779.6s | heartbeat | res=DEGRADED block=DEGRADED 34t3=PENDING
00:50:18.879 | T  +14083.9s | heartbeat | res=DEGRADED block=DEGRADED 34t3=PENDING
00:55:22.870 | T  +14387.9s | heartbeat | res=DEGRADED block=DEGRADED 34t3=PENDING
01:00:27.661 | T  +14692.7s | heartbeat | res=DEGRADED block=DEGRADED 34t3=PENDING
01:05:33.984 | T  +14999.0s | heartbeat | res=DEGRADED block=DEGRADED 34t3=PENDING
01:10:42.180 | T  +15307.2s | heartbeat | res=DEGRADED block=DEGRADED 34t3=PENDING
01:15:47.088 | T  +15612.1s | heartbeat | res=DEGRADED block=DEGRADED 34t3=PENDING
01:20:51.848 | T  +15916.8s | heartbeat | res=DEGRADED block=DEGRADED 34t3=PENDING
01:24:35.840 | T  +16140.8s | CHANGE   | {"34t3_maint": ["PENDING", "ONGOING"], "34t3_resched": [true, false], "34t3_type": ["UNSCHEDULED", "SCHEDULED"], "34t3_win": ["2026-09-11T00:00:00Z", "2026-09-04T01:24:35Z"], "34t3_winend": ["2026-09-11T04:00:00Z", "2026-09-04T05:24:25Z"]}
01:25:08.132 | T  +16173.1s | CHANGE   | {"block_ongoing": [0, 1], "block_pending": [1, 0], "ongoing": [0, 1], "pending": [1, 0]}
01:25:56.231 | T  +16221.2s | heartbeat | res=DEGRADED block=DEGRADED 34t3=ONGOING
01:31:00.255 | T  +16525.3s | heartbeat | res=DEGRADED block=DEGRADED 34t3=ONGOING
01:36:04.005 | T  +16829.0s | heartbeat | res=DEGRADED block=DEGRADED 34t3=ONGOING
01:41:08.224 | T  +17133.2s | heartbeat | res=DEGRADED block=DEGRADED 34t3=ONGOING
01:46:12.085 | T  +17437.1s | heartbeat | res=DEGRADED block=DEGRADED 34t3=ONGOING
01:51:16.953 | T  +17741.9s | heartbeat | res=DEGRADED block=DEGRADED 34t3=ONGOING
01:56:24.981 | T  +18050.0s | heartbeat | res=DEGRADED block=DEGRADED 34t3=ONGOING
02:01:30.806 | T  +18355.8s | heartbeat | res=DEGRADED block=DEGRADED 34t3=ONGOING
02:02:34.967 | T  +18420.0s | CHANGE   | {"34t3_vm": ["RUNNING", "REPAIRING"]}
02:06:35.425 | T  +18660.4s | heartbeat | res=DEGRADED block=DEGRADED 34t3=ONGOING
02:11:39.815 | T  +18964.8s | heartbeat | res=DEGRADED block=DEGRADED 34t3=ONGOING
02:16:44.147 | T  +19269.1s | heartbeat | res=DEGRADED block=DEGRADED 34t3=ONGOING
02:21:49.752 | T  +19574.7s | heartbeat | res=DEGRADED block=DEGRADED 34t3=ONGOING
02:26:55.033 | T  +19880.0s | heartbeat | res=DEGRADED block=DEGRADED 34t3=ONGOING
02:31:59.610 | T  +20184.6s | heartbeat | res=DEGRADED block=DEGRADED 34t3=ONGOING
