21:49:54.224 | T      +0.0s | BASELINE | {"34t3_maint": "CLEAR", "34t3_reasons": null, "34t3_resched": null, "34t3_type": null, "34t3_vm": "RUNNING", "34t3_win": null, "34t3_winend": null, "6df3_maint": "CLEAR", "6df3_reasons": null, "6df3_resched": null, "6df3_type": null, "6df3_vm": "RUNNING", "6df3_win": null, "6df3_winend": null, "block_degraded": null, "block_health": "HEALTHY", "block_ongoing": null, "block_pending": null, "block_reasons": null, "ongoing": null, "pending": null, "res_health": "HEALTHY"}
21:50:12.982 | T     +18.8s | heartbeat | res=HEALTHY block=HEALTHY 34t3=CLEAR
21:55:19.418 | T    +325.2s | CHANGE   | {"block_health": ["HEALTHY", "DEGRADED"], "res_health": ["HEALTHY", "DEGRADED"]}
21:55:35.452 | T    +341.2s | heartbeat | res=DEGRADED block=DEGRADED 34t3=CLEAR
22:00:42.595 | T    +648.4s | heartbeat | res=DEGRADED block=DEGRADED 34t3=CLEAR
22:04:43.570 | T    +889.3s | CHANGE   | {"34t3_maint": ["CLEAR", "PENDING"], "34t3_reasons": [null, ["FAILURE_GPU_XID", "FAILURE_GPU"]], "34t3_resched": [null, true], "34t3_type": [null, "UNSCHEDULED"], "34t3_win": [null, "2026-09-08T00:00:00Z"], "34t3_winend": [null, "2026-09-08T04:00:00Z"], "block_ongoing": [null, 0], "block_pending": [null, 1], "ongoing": [null, 0], "pending": [null, 1]}
22:05:47.767 | T    +953.5s | heartbeat | res=DEGRADED block=DEGRADED 34t3=PENDING
22:10:55.233 | T   +1261.0s | heartbeat | res=DEGRADED block=DEGRADED 34t3=PENDING
22:16:01.937 | T   +1567.7s | heartbeat | res=DEGRADED block=DEGRADED 34t3=PENDING
22:21:07.663 | T   +1873.4s | heartbeat | res=DEGRADED block=DEGRADED 34t3=PENDING
22:26:14.224 | T   +2180.0s | heartbeat | res=DEGRADED block=DEGRADED 34t3=PENDING
22:31:22.607 | T   +2488.4s | heartbeat | res=DEGRADED block=DEGRADED 34t3=PENDING
22:36:30.939 | T   +2796.7s | heartbeat | res=DEGRADED block=DEGRADED 34t3=PENDING
22:38:23.996 | T   +2909.8s | CHANGE   | {"34t3_maint": ["PENDING", "ONGOING"], "34t3_resched": [true, false], "34t3_type": ["UNSCHEDULED", "SCHEDULED"], "34t3_win": ["2026-09-08T00:00:00Z", "2026-08-31T22:38:27Z"], "34t3_winend": ["2026-09-08T04:00:00Z", "2026-09-01T02:38:17Z"]}
22:38:56.339 | T   +2942.1s | CHANGE   | {"block_ongoing": [0, 1], "block_pending": [1, 0], "ongoing": [0, 1], "pending": [1, 0]}
22:39:05.951 | T      +0.0s | BASELINE | {"34t3_maint": "ONGOING", "34t3_reasons": ["FAILURE_GPU_XID", "FAILURE_GPU"], "34t3_resched": false, "34t3_type": "SCHEDULED", "34t3_vm": "RUNNING", "34t3_win": "2026-08-31T22:38:27Z", "34t3_winend": "2026-09-01T02:38:17Z", "6df3_maint": "CLEAR", "6df3_reasons": null, "6df3_resched": null, "6df3_type": null, "6df3_vm": "RUNNING", "6df3_win": null, "6df3_winend": null, "block_degraded": null, "block_health": "DEGRADED", "block_ongoing": 1, "block_pending": 0, "block_reasons": null, "ongoing": 1, "pending": 0, "res_health": "DEGRADED"}
22:39:25.443 | T     +19.5s | heartbeat | res=DEGRADED block=DEGRADED 34t3=ONGOING
22:44:31.283 | T    +325.3s | heartbeat | res=DEGRADED block=DEGRADED 34t3=ONGOING
22:49:39.022 | T    +633.1s | heartbeat | res=DEGRADED block=DEGRADED 34t3=ONGOING
22:54:44.067 | T    +938.1s | heartbeat | res=DEGRADED block=DEGRADED 34t3=ONGOING
22:59:52.340 | T   +1246.4s | heartbeat | res=DEGRADED block=DEGRADED 34t3=ONGOING
23:03:55.590 | T   +1489.6s | CHANGE   | {"34t3_vm": ["RUNNING", "REPAIRING"]}
23:04:59.818 | T   +1553.9s | heartbeat | res=DEGRADED block=DEGRADED 34t3=ONGOING
23:10:05.047 | T   +1859.1s | heartbeat | res=DEGRADED block=DEGRADED 34t3=ONGOING
23:15:11.889 | T   +2165.9s | heartbeat | res=DEGRADED block=DEGRADED 34t3=ONGOING
23:20:17.754 | T   +2471.8s | heartbeat | res=DEGRADED block=DEGRADED 34t3=ONGOING
23:25:24.234 | T   +2778.3s | heartbeat | res=DEGRADED block=DEGRADED 34t3=ONGOING
23:30:31.699 | T   +3085.7s | heartbeat | res=DEGRADED block=DEGRADED 34t3=ONGOING
23:35:36.808 | T   +3390.9s | heartbeat | res=DEGRADED block=DEGRADED 34t3=ONGOING
23:40:41.495 | T   +3695.5s | heartbeat | res=DEGRADED block=DEGRADED 34t3=ONGOING
23:45:46.154 | T   +4000.2s | heartbeat | res=DEGRADED block=DEGRADED 34t3=ONGOING
23:50:50.530 | T   +4304.6s | heartbeat | res=DEGRADED block=DEGRADED 34t3=ONGOING
23:55:57.642 | T   +4611.7s | heartbeat | res=DEGRADED block=DEGRADED 34t3=ONGOING
00:01:03.331 | T   +4917.4s | heartbeat | res=DEGRADED block=DEGRADED 34t3=ONGOING
00:06:11.169 | T   +5225.2s | heartbeat | res=DEGRADED block=DEGRADED 34t3=ONGOING
00:11:15.749 | T   +5529.8s | heartbeat | res=DEGRADED block=DEGRADED 34t3=ONGOING
00:16:21.993 | T   +5836.0s | heartbeat | res=DEGRADED block=DEGRADED 34t3=ONGOING
00:21:31.604 | T   +6145.7s | heartbeat | res=DEGRADED block=DEGRADED 34t3=ONGOING
00:26:36.467 | T   +6450.5s | heartbeat | res=DEGRADED block=DEGRADED 34t3=ONGOING
00:31:41.175 | T   +6755.2s | heartbeat | res=DEGRADED block=DEGRADED 34t3=ONGOING
00:36:46.666 | T   +7060.7s | heartbeat | res=DEGRADED block=DEGRADED 34t3=ONGOING
00:41:53.262 | T   +7367.3s | heartbeat | res=DEGRADED block=DEGRADED 34t3=ONGOING
00:46:58.516 | T   +7672.6s | heartbeat | res=DEGRADED block=DEGRADED 34t3=ONGOING
00:52:04.034 | T   +7978.1s | heartbeat | res=DEGRADED block=DEGRADED 34t3=ONGOING
00:57:09.080 | T   +8283.1s | heartbeat | res=DEGRADED block=DEGRADED 34t3=ONGOING
01:02:14.889 | T   +8588.9s | heartbeat | res=DEGRADED block=DEGRADED 34t3=ONGOING
01:07:22.033 | T   +8896.1s | heartbeat | res=DEGRADED block=DEGRADED 34t3=ONGOING
01:12:29.965 | T   +9204.0s | heartbeat | res=DEGRADED block=DEGRADED 34t3=ONGOING
01:17:35.795 | T   +9509.8s | heartbeat | res=DEGRADED block=DEGRADED 34t3=ONGOING
01:22:43.345 | T   +9817.4s | heartbeat | res=DEGRADED block=DEGRADED 34t3=ONGOING
01:27:48.539 | T  +10122.6s | heartbeat | res=DEGRADED block=DEGRADED 34t3=ONGOING
01:32:54.785 | T  +10428.8s | heartbeat | res=DEGRADED block=DEGRADED 34t3=ONGOING
01:37:59.589 | T  +10733.6s | heartbeat | res=DEGRADED block=DEGRADED 34t3=ONGOING
01:43:05.907 | T  +11040.0s | heartbeat | res=DEGRADED block=DEGRADED 34t3=ONGOING
01:48:12.836 | T  +11346.9s | heartbeat | res=DEGRADED block=DEGRADED 34t3=ONGOING
01:53:19.583 | T  +11653.6s | heartbeat | res=DEGRADED block=DEGRADED 34t3=ONGOING
01:58:23.786 | T  +11957.8s | heartbeat | res=DEGRADED block=DEGRADED 34t3=ONGOING
02:03:31.106 | T  +12265.2s | heartbeat | res=DEGRADED block=DEGRADED 34t3=ONGOING
02:08:37.747 | T  +12571.8s | heartbeat | res=DEGRADED block=DEGRADED 34t3=ONGOING
02:13:44.772 | T  +12878.8s | heartbeat | res=DEGRADED block=DEGRADED 34t3=ONGOING
02:18:49.940 | T  +13184.0s | heartbeat | res=DEGRADED block=DEGRADED 34t3=ONGOING
02:23:54.686 | T  +13488.7s | heartbeat | res=DEGRADED block=DEGRADED 34t3=ONGOING
02:28:59.984 | T  +13794.0s | heartbeat | res=DEGRADED block=DEGRADED 34t3=ONGOING
02:34:06.504 | T  +14100.6s | heartbeat | res=DEGRADED block=DEGRADED 34t3=ONGOING
02:39:11.208 | T  +14405.3s | heartbeat | res=DEGRADED block=DEGRADED 34t3=ONGOING
02:39:27.177 | T  +14421.2s | CHANGE   | {"block_ongoing": [1, null], "block_pending": [0, null], "ongoing": [1, null], "pending": [0, null]}
02:44:16.614 | T  +14710.7s | heartbeat | res=DEGRADED block=DEGRADED 34t3=ONGOING
02:49:22.600 | T  +15016.6s | heartbeat | res=DEGRADED block=DEGRADED 34t3=ONGOING
02:54:30.360 | T  +15324.4s | heartbeat | res=DEGRADED block=DEGRADED 34t3=ONGOING
02:59:36.776 | T  +15630.8s | heartbeat | res=DEGRADED block=DEGRADED 34t3=ONGOING
03:04:42.315 | T  +15936.4s | heartbeat | res=DEGRADED block=DEGRADED 34t3=ONGOING
03:06:03.392 | T  +16017.4s | CHANGE   | {"34t3_maint": ["ONGOING", "CLEAR"], "34t3_reasons": [["FAILURE_GPU_XID", "FAILURE_GPU"], null], "34t3_resched": [false, null], "34t3_type": ["SCHEDULED", null], "34t3_win": ["2026-08-31T22:38:27Z", null], "34t3_winend": ["2026-09-01T02:38:17Z", null], "block_health": ["DEGRADED", "HEALTHY"], "res_health": ["DEGRADED", "HEALTHY"]}
03:09:48.520 | T  +16242.6s | heartbeat | res=HEALTHY block=HEALTHY 34t3=CLEAR
03:11:56.626 | T  +16370.7s | CHANGE   | {"34t3_vm": ["REPAIRING", "RUNNING"]}
03:14:53.204 | T  +16547.3s | heartbeat | res=HEALTHY block=HEALTHY 34t3=CLEAR
03:19:58.343 | T  +16852.4s | heartbeat | res=HEALTHY block=HEALTHY 34t3=CLEAR
03:25:04.257 | T  +17158.3s | heartbeat | res=HEALTHY block=HEALTHY 34t3=CLEAR
03:30:09.407 | T  +17463.5s | heartbeat | res=HEALTHY block=HEALTHY 34t3=CLEAR
03:35:17.120 | T  +17771.2s | heartbeat | res=HEALTHY block=HEALTHY 34t3=CLEAR
03:40:25.576 | T  +18079.6s | heartbeat | res=HEALTHY block=HEALTHY 34t3=CLEAR
03:45:30.785 | T  +18384.8s | heartbeat | res=HEALTHY block=HEALTHY 34t3=CLEAR
03:50:35.240 | T  +18689.3s | heartbeat | res=HEALTHY block=HEALTHY 34t3=CLEAR
03:55:39.825 | T  +18993.9s | heartbeat | res=HEALTHY block=HEALTHY 34t3=CLEAR
04:00:44.814 | T  +19298.9s | heartbeat | res=HEALTHY block=HEALTHY 34t3=CLEAR
04:05:49.613 | T  +19603.7s | heartbeat | res=HEALTHY block=HEALTHY 34t3=CLEAR
04:10:55.037 | T  +19909.1s | heartbeat | res=HEALTHY block=HEALTHY 34t3=CLEAR
04:16:00.612 | T  +20214.7s | heartbeat | res=HEALTHY block=HEALTHY 34t3=CLEAR
04:21:06.138 | T  +20520.2s | heartbeat | res=HEALTHY block=HEALTHY 34t3=CLEAR
04:26:10.985 | T  +20825.0s | heartbeat | res=HEALTHY block=HEALTHY 34t3=CLEAR
04:31:18.010 | T  +21132.1s | heartbeat | res=HEALTHY block=HEALTHY 34t3=CLEAR
04:36:23.842 | T  +21437.9s | heartbeat | res=HEALTHY block=HEALTHY 34t3=CLEAR
04:41:29.310 | T  +21743.4s | heartbeat | res=HEALTHY block=HEALTHY 34t3=CLEAR
04:46:34.143 | T  +22048.2s | heartbeat | res=HEALTHY block=HEALTHY 34t3=CLEAR
04:51:38.568 | T  +22352.6s | heartbeat | res=HEALTHY block=HEALTHY 34t3=CLEAR
04:56:43.048 | T  +22657.1s | heartbeat | res=HEALTHY block=HEALTHY 34t3=CLEAR
05:01:47.430 | T  +22961.5s | heartbeat | res=HEALTHY block=HEALTHY 34t3=CLEAR
05:06:53.221 | T  +23267.3s | heartbeat | res=HEALTHY block=HEALTHY 34t3=CLEAR
05:11:58.470 | T  +23572.5s | heartbeat | res=HEALTHY block=HEALTHY 34t3=CLEAR
05:17:03.979 | T  +23878.0s | heartbeat | res=HEALTHY block=HEALTHY 34t3=CLEAR
05:22:12.817 | T  +24186.9s | heartbeat | res=HEALTHY block=HEALTHY 34t3=CLEAR
05:27:17.891 | T  +24491.9s | heartbeat | res=HEALTHY block=HEALTHY 34t3=CLEAR
05:32:23.086 | T  +24797.1s | heartbeat | res=HEALTHY block=HEALTHY 34t3=CLEAR
05:37:29.261 | T  +25103.3s | heartbeat | res=HEALTHY block=HEALTHY 34t3=CLEAR
05:42:34.528 | T  +25408.6s | heartbeat | res=HEALTHY block=HEALTHY 34t3=CLEAR
05:47:40.327 | T  +25714.4s | heartbeat | res=HEALTHY block=HEALTHY 34t3=CLEAR
05:52:45.656 | T  +26019.7s | heartbeat | res=HEALTHY block=HEALTHY 34t3=CLEAR
05:57:51.687 | T  +26325.7s | heartbeat | res=HEALTHY block=HEALTHY 34t3=CLEAR
06:02:59.693 | T  +26633.7s | heartbeat | res=HEALTHY block=HEALTHY 34t3=CLEAR
06:08:06.323 | T  +26940.4s | heartbeat | res=HEALTHY block=HEALTHY 34t3=CLEAR
06:13:16.184 | T  +27250.2s | heartbeat | res=HEALTHY block=HEALTHY 34t3=CLEAR
06:18:24.626 | T  +27558.7s | heartbeat | res=HEALTHY block=HEALTHY 34t3=CLEAR
06:23:31.143 | T  +27865.2s | heartbeat | res=HEALTHY block=HEALTHY 34t3=CLEAR
06:28:37.109 | T  +28171.2s | heartbeat | res=HEALTHY block=HEALTHY 34t3=CLEAR
06:33:42.987 | T  +28477.0s | heartbeat | res=HEALTHY block=HEALTHY 34t3=CLEAR
06:38:48.947 | T  +28783.0s | heartbeat | res=HEALTHY block=HEALTHY 34t3=CLEAR
# budget 28800s exhausted
