# SUPERVISOR START 2026-09-24T06:30:22Z pid=42844 deadline=18:30:22Z
# RESTART pid=42865 every=5.0s budget=3600s at 2026-09-24T06:30:22.953082+00:00
06:30:22.953 | T      +0.0s | BASELINE | {"34t3_gpus": "8", "34t3_laststart": "2026-09-03T23:08:34.252-07:00", "34t3_maint": "CLEAR", "34t3_reasons": null, "34t3_resched": null, "34t3_type": null, "34t3_vm": "RUNNING", "34t3_win": null, "34t3_winend": null, "6df3_gpus": "8", "6df3_maint": "CLEAR", "6df3_reasons": null, "6df3_resched": null, "6df3_type": null, "6df3_vm": "RUNNING", "6df3_win": null, "6df3_winend": null, "block_degraded": null, "block_health": "HEALTHY", "block_ongoing": null, "block_pending": null, "block_reasons": null, "cluster_gpus": 16, "node_gpus": "8", "node_pm_label": null, "node_ready": "True", "node_taints": null, "ongoing": null, "pending": null, "res_health": "HEALTHY"}
06:30:43.143 | T     +20.2s | heartbeat | res=HEALTHY block=HEALTHY 34t3=CLEAR vm=RUNNING ready=True gpus=8
06:31:16.926 | T     +54.0s | CHANGE   | {"block_health": ["HEALTHY", "DEGRADED"], "res_health": ["HEALTHY", "DEGRADED"]}
06:35:48.418 | T    +325.5s | heartbeat | res=DEGRADED block=DEGRADED 34t3=CLEAR vm=RUNNING ready=True gpus=8
06:40:51.291 | T    +628.3s | heartbeat | res=DEGRADED block=DEGRADED 34t3=CLEAR vm=RUNNING ready=True gpus=8
06:45:58.229 | T    +935.3s | heartbeat | res=DEGRADED block=DEGRADED 34t3=CLEAR vm=RUNNING ready=True gpus=8
06:51:03.111 | T   +1240.2s | heartbeat | res=DEGRADED block=DEGRADED 34t3=CLEAR vm=RUNNING ready=True gpus=8
06:56:08.188 | T   +1545.2s | heartbeat | res=DEGRADED block=DEGRADED 34t3=CLEAR vm=RUNNING ready=True gpus=8
07:01:18.244 | T   +1855.3s | heartbeat | res=DEGRADED block=DEGRADED 34t3=CLEAR vm=RUNNING ready=True gpus=8
07:06:24.002 | T   +2161.0s | heartbeat | res=DEGRADED block=DEGRADED 34t3=CLEAR vm=RUNNING ready=True gpus=8
07:11:33.520 | T   +2470.6s | heartbeat | res=DEGRADED block=DEGRADED 34t3=CLEAR vm=RUNNING ready=True gpus=8
07:16:38.787 | T   +2775.8s | heartbeat | res=DEGRADED block=DEGRADED 34t3=CLEAR vm=RUNNING ready=True gpus=8
07:21:46.243 | T   +3083.3s | heartbeat | res=DEGRADED block=DEGRADED 34t3=CLEAR vm=RUNNING ready=True gpus=8
07:27:02.192 | T   +3399.2s | heartbeat | res=DEGRADED block=DEGRADED 34t3=CLEAR vm=RUNNING ready=True gpus=8
# budget 3600s exhausted
# child exited rc=0 at 2026-09-24T07:30:36Z; restarting in 5s
# RESTART pid=78447 every=5.0s budget=3600s at 2026-09-24T07:30:42.060097+00:00
07:30:42.060 | T      +0.0s | BASELINE | {"34t3_gpus": "8", "34t3_laststart": "2026-09-03T23:08:34.252-07:00", "34t3_maint": "CLEAR", "34t3_reasons": null, "34t3_resched": null, "34t3_type": null, "34t3_vm": "RUNNING", "34t3_win": null, "34t3_winend": null, "6df3_gpus": "8", "6df3_maint": "CLEAR", "6df3_reasons": null, "6df3_resched": null, "6df3_type": null, "6df3_vm": "RUNNING", "6df3_win": null, "6df3_winend": null, "block_degraded": null, "block_health": "DEGRADED", "block_ongoing": null, "block_pending": null, "block_reasons": null, "cluster_gpus": 16, "node_gpus": "8", "node_pm_label": null, "node_ready": "True", "node_taints": null, "ongoing": null, "pending": null, "res_health": "DEGRADED"}
07:31:03.070 | T     +21.0s | heartbeat | res=DEGRADED block=DEGRADED 34t3=CLEAR vm=RUNNING ready=True gpus=8
07:36:19.497 | T    +337.4s | heartbeat | res=DEGRADED block=DEGRADED 34t3=CLEAR vm=RUNNING ready=True gpus=8
07:41:36.380 | T    +654.3s | heartbeat | res=DEGRADED block=DEGRADED 34t3=CLEAR vm=RUNNING ready=True gpus=8
07:46:46.018 | T    +964.0s | heartbeat | res=DEGRADED block=DEGRADED 34t3=CLEAR vm=RUNNING ready=True gpus=8
07:52:02.986 | T   +1280.9s | heartbeat | res=DEGRADED block=DEGRADED 34t3=CLEAR vm=RUNNING ready=True gpus=8
07:57:14.521 | T   +1592.5s | heartbeat | res=DEGRADED block=DEGRADED 34t3=CLEAR vm=RUNNING ready=True gpus=8
08:02:24.747 | T   +1902.7s | heartbeat | res=DEGRADED block=DEGRADED 34t3=CLEAR vm=RUNNING ready=True gpus=8
08:07:35.508 | T   +2213.4s | heartbeat | res=DEGRADED block=DEGRADED 34t3=CLEAR vm=RUNNING ready=True gpus=8
08:12:54.303 | T   +2532.2s | heartbeat | res=DEGRADED block=DEGRADED 34t3=CLEAR vm=RUNNING ready=True gpus=8
08:18:02.724 | T   +2840.7s | heartbeat | res=DEGRADED block=DEGRADED 34t3=CLEAR vm=RUNNING ready=True gpus=8
08:23:06.735 | T   +3144.7s | heartbeat | res=DEGRADED block=DEGRADED 34t3=CLEAR vm=RUNNING ready=True gpus=8
08:28:11.884 | T   +3449.8s | heartbeat | res=DEGRADED block=DEGRADED 34t3=CLEAR vm=RUNNING ready=True gpus=8
# budget 3600s exhausted
# child exited rc=0 at 2026-09-24T08:30:52Z; restarting in 5s
# RESTART pid=103538 every=5.0s budget=3600s at 2026-09-24T08:30:57.948802+00:00
08:30:57.948 | T      +0.0s | BASELINE | {"34t3_gpus": "8", "34t3_laststart": "2026-09-03T23:08:34.252-07:00", "34t3_maint": "CLEAR", "34t3_reasons": null, "34t3_resched": null, "34t3_type": null, "34t3_vm": "RUNNING", "34t3_win": null, "34t3_winend": null, "6df3_gpus": "8", "6df3_maint": "CLEAR", "6df3_reasons": null, "6df3_resched": null, "6df3_type": null, "6df3_vm": "RUNNING", "6df3_win": null, "6df3_winend": null, "block_degraded": null, "block_health": "DEGRADED", "block_ongoing": null, "block_pending": null, "block_reasons": null, "cluster_gpus": 16, "node_gpus": "8", "node_pm_label": null, "node_ready": "True", "node_taints": null, "ongoing": null, "pending": null, "res_health": "DEGRADED"}
08:31:16.823 | T     +18.9s | heartbeat | res=DEGRADED block=DEGRADED 34t3=CLEAR vm=RUNNING ready=True gpus=8
08:36:20.987 | T    +323.0s | heartbeat | res=DEGRADED block=DEGRADED 34t3=CLEAR vm=RUNNING ready=True gpus=8
08:41:24.200 | T    +626.3s | heartbeat | res=DEGRADED block=DEGRADED 34t3=CLEAR vm=RUNNING ready=True gpus=8
08:46:25.440 | T    +927.5s | heartbeat | res=DEGRADED block=DEGRADED 34t3=CLEAR vm=RUNNING ready=True gpus=8
08:51:41.597 | T   +1243.6s | heartbeat | res=DEGRADED block=DEGRADED 34t3=CLEAR vm=RUNNING ready=True gpus=8
08:56:54.745 | T   +1556.8s | heartbeat | res=DEGRADED block=DEGRADED 34t3=CLEAR vm=RUNNING ready=True gpus=8
09:01:54.379 | T   +1856.4s | heartbeat | res=DEGRADED block=DEGRADED 34t3=CLEAR vm=RUNNING ready=True gpus=8
09:06:55.901 | T   +2158.0s | heartbeat | res=DEGRADED block=DEGRADED 34t3=CLEAR vm=RUNNING ready=True gpus=8
09:11:58.944 | T   +2461.0s | heartbeat | res=DEGRADED block=DEGRADED 34t3=CLEAR vm=RUNNING ready=True gpus=8
09:17:14.390 | T   +2776.4s | heartbeat | res=DEGRADED block=DEGRADED 34t3=CLEAR vm=RUNNING ready=True gpus=8
09:22:14.941 | T   +3077.0s | heartbeat | res=DEGRADED block=DEGRADED 34t3=CLEAR vm=RUNNING ready=True gpus=8
09:27:26.008 | T   +3388.1s | heartbeat | res=DEGRADED block=DEGRADED 34t3=CLEAR vm=RUNNING ready=True gpus=8
# budget 3600s exhausted
# child exited rc=0 at 2026-09-24T09:31:13Z; restarting in 5s
# RESTART pid=131714 every=5.0s budget=3600s at 2026-09-24T09:31:18.372975+00:00
09:31:18.373 | T      +0.0s | BASELINE | {"34t3_gpus": "8", "34t3_laststart": "2026-09-03T23:08:34.252-07:00", "34t3_maint": "CLEAR", "34t3_reasons": null, "34t3_resched": null, "34t3_type": null, "34t3_vm": "RUNNING", "34t3_win": null, "34t3_winend": null, "6df3_gpus": "8", "6df3_maint": "CLEAR", "6df3_reasons": null, "6df3_resched": null, "6df3_type": null, "6df3_vm": "RUNNING", "6df3_win": null, "6df3_winend": null, "block_degraded": null, "block_health": "DEGRADED", "block_ongoing": null, "block_pending": null, "block_reasons": null, "cluster_gpus": 16, "node_gpus": "8", "node_pm_label": null, "node_ready": "True", "node_taints": null, "ongoing": null, "pending": null, "res_health": "DEGRADED"}
09:31:36.621 | T     +18.2s | heartbeat | res=DEGRADED block=DEGRADED 34t3=CLEAR vm=RUNNING ready=True gpus=8
09:36:51.923 | T    +333.6s | heartbeat | res=DEGRADED block=DEGRADED 34t3=CLEAR vm=RUNNING ready=True gpus=8
09:42:07.546 | T    +649.2s | heartbeat | res=DEGRADED block=DEGRADED 34t3=CLEAR vm=RUNNING ready=True gpus=8
09:47:21.429 | T    +963.1s | heartbeat | res=DEGRADED block=DEGRADED 34t3=CLEAR vm=RUNNING ready=True gpus=8
09:52:33.969 | T   +1275.6s | heartbeat | res=DEGRADED block=DEGRADED 34t3=CLEAR vm=RUNNING ready=True gpus=8
09:57:46.698 | T   +1588.3s | heartbeat | res=DEGRADED block=DEGRADED 34t3=CLEAR vm=RUNNING ready=True gpus=8
10:02:47.577 | T   +1889.2s | heartbeat | res=DEGRADED block=DEGRADED 34t3=CLEAR vm=RUNNING ready=True gpus=8
10:07:47.627 | T   +2189.3s | heartbeat | res=DEGRADED block=DEGRADED 34t3=CLEAR vm=RUNNING ready=True gpus=8
10:12:51.541 | T   +2493.2s | heartbeat | res=DEGRADED block=DEGRADED 34t3=CLEAR vm=RUNNING ready=True gpus=8
10:18:06.206 | T   +2807.8s | heartbeat | res=DEGRADED block=DEGRADED 34t3=CLEAR vm=RUNNING ready=True gpus=8
10:23:15.133 | T   +3116.8s | heartbeat | res=DEGRADED block=DEGRADED 34t3=CLEAR vm=RUNNING ready=True gpus=8
10:28:17.242 | T   +3418.9s | heartbeat | res=DEGRADED block=DEGRADED 34t3=CLEAR vm=RUNNING ready=True gpus=8
# GAP: supervisor+probe found dead at 14:37:49Z; last poll 10:28:17Z. Restarted detached (setsid).
# SUPERVISOR START 2026-09-24T14:39:19Z pid=1808 deadline=02:39:19Z
# RESTART pid=1828 every=10.0s budget=3600s at 2026-09-24T14:39:19.195421+00:00
14:39:19.195 | T      +0.0s | BASELINE | {"34t3_gpus": "8", "34t3_laststart": "2026-09-03T23:08:34.252-07:00", "34t3_maint": "PENDING", "34t3_reasons": ["FAILURE_GPU_XID", "FAILURE_GPU"], "34t3_resched": true, "34t3_type": "UNSCHEDULED", "34t3_vm": "RUNNING", "34t3_win": "2026-10-01T12:00:00Z", "34t3_winend": "2026-10-01T16:00:00Z", "6df3_gpus": "8", "6df3_maint": "CLEAR", "6df3_reasons": null, "6df3_resched": null, "6df3_type": null, "6df3_vm": "RUNNING", "6df3_win": null, "6df3_winend": null, "block_degraded": null, "block_health": "DEGRADED", "block_ongoing": 0, "block_pending": 1, "block_reasons": null, "cluster_gpus": 16, "node_gpus": "8", "node_pm_label": null, "node_ready": "True", "node_taints": null, "ongoing": 0, "pending": 1, "res_health": "DEGRADED"}
14:39:44.362 | T     +25.2s | CHANGE   | {"node_pm_label": [null, "true"]}
14:40:06.363 | T     +47.2s | CHANGE   | {"34t3_maint": ["PENDING", "ONGOING"], "34t3_resched": [true, false], "34t3_win": ["2026-10-01T12:00:00Z", "2026-09-24T14:40:00Z"], "34t3_winend": ["2026-10-01T16:00:00Z", "2026-09-24T18:39:50Z"], "node_pm_label": ["true", null], "node_taints": [null, "cloud.google.com/maintenance-window-started=PreferNoSchedule"]}
14:40:28.651 | T     +69.5s | CHANGE   | {"block_ongoing": [0, 1], "block_pending": [1, 0], "ongoing": [0, 1], "pending": [1, 0]}
14:40:49.482 | T     +90.3s | heartbeat | res=DEGRADED block=DEGRADED 34t3=ONGOING vm=RUNNING ready=True gpus=8
14:45:59.748 | T    +400.6s | heartbeat | res=DEGRADED block=DEGRADED 34t3=ONGOING vm=RUNNING ready=True gpus=8
14:51:12.152 | T    +713.0s | heartbeat | res=DEGRADED block=DEGRADED 34t3=ONGOING vm=RUNNING ready=True gpus=8
14:55:23.498 | T    +964.3s | CHANGE   | {"node_ready": ["True", "False"], "node_taints": ["cloud.google.com/maintenance-window-started=PreferNoSchedule", "cloud.google.com/maintenance-window-started=PreferNoSchedule,node.kubernetes.io/not-ready=NoExecute,node.kubernetes.io/not-ready=NoSchedule"]}
14:55:44.822 | T    +985.6s | CHANGE   | {"34t3_gpus": ["8", "0"], "cluster_gpus": [16, 8], "node_gpus": ["8", "0"]}
14:56:27.817 | T   +1028.6s | heartbeat | res=DEGRADED block=DEGRADED 34t3=ONGOING vm=RUNNING ready=False gpus=0
14:56:48.946 | T   +1049.8s | CHANGE   | {"34t3_vm": ["RUNNING", "REPAIRING"], "node_ready": ["False", "Unknown"], "node_taints": ["cloud.google.com/maintenance-window-started=PreferNoSchedule,node.kubernetes.io/not-ready=NoExecute,node.kubernetes.io/not-ready=NoSchedule", "cloud.google.com/maintenance-window-started=PreferNoSchedule,node.kubernetes.io/unreachable=NoExecute,node.kubernetes.io/unreachable=NoSchedule"]}
15:01:45.613 | T   +1346.4s | heartbeat | res=DEGRADED block=DEGRADED 34t3=ONGOING vm=REPAIRING ready=Unknown gpus=0
15:06:59.681 | T   +1660.5s | CHANGE   | {"block_health": ["DEGRADED", "HEALTHY"], "res_health": ["DEGRADED", "HEALTHY"]}
15:07:27.153 | T   +1688.0s | heartbeat | res=HEALTHY block=HEALTHY 34t3=ONGOING vm=REPAIRING ready=Unknown gpus=0
15:12:28.702 | T   +1989.5s | CHANGE   | {"34t3_laststart": ["2026-09-03T23:08:34.252-07:00", "2026-09-24T08:12:19.474-07:00"], "34t3_vm": ["REPAIRING", "RUNNING"]}
15:12:52.256 | T   +2013.1s | heartbeat | res=HEALTHY block=HEALTHY 34t3=ONGOING vm=RUNNING ready=Unknown gpus=0
15:14:27.293 | T   +2108.1s | CHANGE   | {"34t3_gpus": ["0", "8"], "cluster_gpus": [8, 16], "node_gpus": ["0", "8"], "node_ready": ["Unknown", "True"], "node_taints": ["cloud.google.com/maintenance-window-started=PreferNoSchedule,node.kubernetes.io/unreachable=NoExecute,node.kubernetes.io/unreachable=NoSchedule", null], "ongoing": [1, null], "pending": [0, null], "res_health": ["HEALTHY", null]}
15:15:38.748 | T   +2179.6s | CHANGE   | {"ongoing": [null, 1], "pending": [null, 0], "res_health": [null, "HEALTHY"]}
15:18:02.853 | T   +2323.7s | heartbeat | res=HEALTHY block=HEALTHY 34t3=ONGOING vm=RUNNING ready=True gpus=8
15:23:13.486 | T   +2634.3s | heartbeat | res=HEALTHY block=HEALTHY 34t3=ONGOING vm=RUNNING ready=True gpus=8
15:28:16.525 | T   +2937.3s | heartbeat | res=HEALTHY block=HEALTHY 34t3=ONGOING vm=RUNNING ready=True gpus=8
15:33:37.827 | T   +3258.6s | heartbeat | res=HEALTHY block=HEALTHY 34t3=ONGOING vm=RUNNING ready=True gpus=8
15:38:48.168 | T   +3569.0s | heartbeat | res=HEALTHY block=HEALTHY 34t3=ONGOING vm=RUNNING ready=True gpus=8
# budget 3600s exhausted
# child exited rc=0 at 2026-09-24T15:39:28Z; restarting in 5s
# RESTART pid=30840 every=10.0s budget=3600s at 2026-09-24T15:39:34.025741+00:00
15:39:34.025 | T      +0.0s | BASELINE | {"34t3_gpus": "8", "34t3_laststart": "2026-09-24T08:12:19.474-07:00", "34t3_maint": "ONGOING", "34t3_reasons": ["FAILURE_GPU_XID", "FAILURE_GPU"], "34t3_resched": false, "34t3_type": "UNSCHEDULED", "34t3_vm": "RUNNING", "34t3_win": "2026-09-24T14:40:00Z", "34t3_winend": "2026-09-24T18:39:50Z", "6df3_gpus": "8", "6df3_maint": "CLEAR", "6df3_reasons": null, "6df3_resched": null, "6df3_type": null, "6df3_vm": "RUNNING", "6df3_win": null, "6df3_winend": null, "block_degraded": null, "block_health": "HEALTHY", "block_ongoing": 1, "block_pending": 0, "block_reasons": null, "cluster_gpus": 16, "node_gpus": "8", "node_pm_label": null, "node_ready": "True", "node_taints": null, "ongoing": 1, "pending": 0, "res_health": "HEALTHY"}
15:39:56.341 | T     +22.3s | heartbeat | res=HEALTHY block=HEALTHY 34t3=ONGOING vm=RUNNING ready=True gpus=8
15:45:15.240 | T    +341.2s | heartbeat | res=HEALTHY block=HEALTHY 34t3=ONGOING vm=RUNNING ready=True gpus=8
15:50:24.756 | T    +650.7s | heartbeat | res=HEALTHY block=HEALTHY 34t3=ONGOING vm=RUNNING ready=True gpus=8
15:55:38.707 | T    +964.7s | heartbeat | res=HEALTHY block=HEALTHY 34t3=ONGOING vm=RUNNING ready=True gpus=8
16:00:49.824 | T   +1275.8s | heartbeat | res=HEALTHY block=HEALTHY 34t3=ONGOING vm=RUNNING ready=True gpus=8
16:06:03.146 | T   +1589.1s | heartbeat | res=HEALTHY block=HEALTHY 34t3=ONGOING vm=RUNNING ready=True gpus=8
16:11:22.578 | T   +1908.6s | heartbeat | res=HEALTHY block=HEALTHY 34t3=ONGOING vm=RUNNING ready=True gpus=8
16:16:41.904 | T   +2227.9s | heartbeat | res=HEALTHY block=HEALTHY 34t3=ONGOING vm=RUNNING ready=True gpus=8
16:22:00.438 | T   +2546.4s | heartbeat | res=HEALTHY block=HEALTHY 34t3=ONGOING vm=RUNNING ready=True gpus=8
16:27:07.763 | T   +2853.7s | heartbeat | res=HEALTHY block=HEALTHY 34t3=ONGOING vm=RUNNING ready=True gpus=8
16:32:21.978 | T   +3168.0s | heartbeat | res=HEALTHY block=HEALTHY 34t3=ONGOING vm=RUNNING ready=True gpus=8
16:37:37.093 | T   +3483.1s | heartbeat | res=HEALTHY block=HEALTHY 34t3=ONGOING vm=RUNNING ready=True gpus=8
# budget 3600s exhausted
# child exited rc=0 at 2026-09-24T16:39:42Z; restarting in 5s
# RESTART pid=57670 every=10.0s budget=3600s at 2026-09-24T16:39:47.688645+00:00
16:39:47.688 | T      +0.0s | BASELINE | {"34t3_gpus": "8", "34t3_laststart": "2026-09-24T08:12:19.474-07:00", "34t3_maint": "ONGOING", "34t3_reasons": ["FAILURE_GPU_XID", "FAILURE_GPU"], "34t3_resched": false, "34t3_type": "UNSCHEDULED", "34t3_vm": "RUNNING", "34t3_win": "2026-09-24T14:40:00Z", "34t3_winend": "2026-09-24T18:39:50Z", "6df3_gpus": "8", "6df3_maint": "CLEAR", "6df3_reasons": null, "6df3_resched": null, "6df3_type": null, "6df3_vm": "RUNNING", "6df3_win": null, "6df3_winend": null, "block_degraded": null, "block_health": "HEALTHY", "block_ongoing": 1, "block_pending": 0, "block_reasons": null, "cluster_gpus": 16, "node_gpus": "8", "node_pm_label": null, "node_ready": "True", "node_taints": null, "ongoing": 1, "pending": 0, "res_health": "HEALTHY"}
16:40:11.495 | T     +23.8s | heartbeat | res=HEALTHY block=HEALTHY 34t3=ONGOING vm=RUNNING ready=True gpus=8
16:45:23.290 | T    +335.6s | heartbeat | res=HEALTHY block=HEALTHY 34t3=ONGOING vm=RUNNING ready=True gpus=8
16:50:30.527 | T    +642.8s | heartbeat | res=HEALTHY block=HEALTHY 34t3=ONGOING vm=RUNNING ready=True gpus=8
16:55:37.969 | T    +950.3s | heartbeat | res=HEALTHY block=HEALTHY 34t3=ONGOING vm=RUNNING ready=True gpus=8
17:00:44.730 | T   +1257.0s | heartbeat | res=HEALTHY block=HEALTHY 34t3=ONGOING vm=RUNNING ready=True gpus=8
17:05:51.942 | T   +1564.3s | heartbeat | res=HEALTHY block=HEALTHY 34t3=ONGOING vm=RUNNING ready=True gpus=8
17:11:11.768 | T   +1884.1s | heartbeat | res=HEALTHY block=HEALTHY 34t3=ONGOING vm=RUNNING ready=True gpus=8
17:16:30.001 | T   +2202.3s | heartbeat | res=HEALTHY block=HEALTHY 34t3=ONGOING vm=RUNNING ready=True gpus=8
17:21:31.450 | T   +2503.8s | heartbeat | res=HEALTHY block=HEALTHY 34t3=ONGOING vm=RUNNING ready=True gpus=8
17:26:46.231 | T   +2818.5s | heartbeat | res=HEALTHY block=HEALTHY 34t3=ONGOING vm=RUNNING ready=True gpus=8
17:31:48.233 | T   +3120.5s | heartbeat | res=HEALTHY block=HEALTHY 34t3=ONGOING vm=RUNNING ready=True gpus=8
17:36:55.244 | T   +3427.6s | heartbeat | res=HEALTHY block=HEALTHY 34t3=ONGOING vm=RUNNING ready=True gpus=8
# budget 3600s exhausted
# child exited rc=0 at 2026-09-24T17:39:57Z; restarting in 5s
# RESTART pid=86552 every=10.0s budget=3600s at 2026-09-24T17:40:02.886389+00:00
17:40:02.886 | T      +0.0s | BASELINE | {"34t3_gpus": "8", "34t3_laststart": "2026-09-24T08:12:19.474-07:00", "34t3_maint": "ONGOING", "34t3_reasons": ["FAILURE_GPU_XID", "FAILURE_GPU"], "34t3_resched": false, "34t3_type": "UNSCHEDULED", "34t3_vm": "RUNNING", "34t3_win": "2026-09-24T14:40:00Z", "34t3_winend": "2026-09-24T18:39:50Z", "6df3_gpus": "8", "6df3_maint": "CLEAR", "6df3_reasons": null, "6df3_resched": null, "6df3_type": null, "6df3_vm": "RUNNING", "6df3_win": null, "6df3_winend": null, "block_degraded": null, "block_health": "HEALTHY", "block_ongoing": 1, "block_pending": 0, "block_reasons": null, "cluster_gpus": 16, "node_gpus": "8", "node_pm_label": null, "node_ready": "True", "node_taints": null, "ongoing": 1, "pending": 0, "res_health": "HEALTHY"}
17:40:29.275 | T     +26.4s | heartbeat | res=HEALTHY block=HEALTHY 34t3=ONGOING vm=RUNNING ready=True gpus=8
17:45:43.002 | T    +340.1s | heartbeat | res=HEALTHY block=HEALTHY 34t3=ONGOING vm=RUNNING ready=True gpus=8
17:50:46.206 | T    +643.3s | heartbeat | res=HEALTHY block=HEALTHY 34t3=ONGOING vm=RUNNING ready=True gpus=8
17:56:08.076 | T    +965.2s | heartbeat | res=HEALTHY block=HEALTHY 34t3=ONGOING vm=RUNNING ready=True gpus=8
18:01:29.014 | T   +1286.1s | heartbeat | res=HEALTHY block=HEALTHY 34t3=ONGOING vm=RUNNING ready=True gpus=8
18:06:48.794 | T   +1605.9s | heartbeat | res=HEALTHY block=HEALTHY 34t3=ONGOING vm=RUNNING ready=True gpus=8
18:11:57.779 | T   +1914.9s | heartbeat | res=HEALTHY block=HEALTHY 34t3=ONGOING vm=RUNNING ready=True gpus=8
18:17:10.749 | T   +2227.9s | heartbeat | res=HEALTHY block=HEALTHY 34t3=ONGOING vm=RUNNING ready=True gpus=8
18:22:14.762 | T   +2531.9s | heartbeat | res=HEALTHY block=HEALTHY 34t3=ONGOING vm=RUNNING ready=True gpus=8
18:27:31.150 | T   +2848.3s | heartbeat | res=HEALTHY block=HEALTHY 34t3=ONGOING vm=RUNNING ready=True gpus=8
18:32:47.934 | T   +3165.0s | heartbeat | res=HEALTHY block=HEALTHY 34t3=ONGOING vm=RUNNING ready=True gpus=8
18:37:50.193 | T   +3467.3s | heartbeat | res=HEALTHY block=HEALTHY 34t3=ONGOING vm=RUNNING ready=True gpus=8
18:39:55.196 | T   +3592.3s | CHANGE   | {"34t3_maint": ["ONGOING", "CLEAR"], "34t3_reasons": [["FAILURE_GPU_XID", "FAILURE_GPU"], null], "34t3_resched": [false, null], "34t3_type": ["UNSCHEDULED", null], "34t3_win": ["2026-09-24T14:40:00Z", null], "34t3_winend": ["2026-09-24T18:39:50Z", null]}
# budget 3600s exhausted
# child exited rc=0 at 2026-09-24T18:40:16Z; restarting in 5s
# RESTART pid=112152 every=10.0s budget=3600s at 2026-09-24T18:40:21.560338+00:00
18:40:21.560 | T      +0.0s | BASELINE | {"34t3_gpus": "8", "34t3_laststart": "2026-09-24T08:12:19.474-07:00", "34t3_maint": "CLEAR", "34t3_reasons": null, "34t3_resched": null, "34t3_type": null, "34t3_vm": "RUNNING", "34t3_win": null, "34t3_winend": null, "6df3_gpus": "8", "6df3_maint": "CLEAR", "6df3_reasons": null, "6df3_resched": null, "6df3_type": null, "6df3_vm": "RUNNING", "6df3_win": null, "6df3_winend": null, "block_degraded": null, "block_health": "HEALTHY", "block_ongoing": 1, "block_pending": 0, "block_reasons": null, "cluster_gpus": 16, "node_gpus": "8", "node_pm_label": null, "node_ready": "True", "node_taints": null, "ongoing": 1, "pending": 0, "res_health": "HEALTHY"}
18:40:43.594 | T     +22.0s | heartbeat | res=HEALTHY block=HEALTHY 34t3=CLEAR vm=RUNNING ready=True gpus=8
18:41:03.107 | T     +41.5s | CHANGE   | {"block_ongoing": [1, null], "block_pending": [0, null], "ongoing": [1, null], "pending": [0, null]}
18:45:46.544 | T    +325.0s | heartbeat | res=HEALTHY block=HEALTHY 34t3=CLEAR vm=RUNNING ready=True gpus=8
18:51:00.011 | T    +638.5s | heartbeat | res=HEALTHY block=HEALTHY 34t3=CLEAR vm=RUNNING ready=True gpus=8
18:56:05.186 | T    +943.6s | heartbeat | res=HEALTHY block=HEALTHY 34t3=CLEAR vm=RUNNING ready=True gpus=8
19:01:16.766 | T   +1255.2s | heartbeat | res=HEALTHY block=HEALTHY 34t3=CLEAR vm=RUNNING ready=True gpus=8
19:06:33.184 | T   +1571.6s | heartbeat | res=HEALTHY block=HEALTHY 34t3=CLEAR vm=RUNNING ready=True gpus=8
19:11:39.981 | T   +1878.4s | heartbeat | res=HEALTHY block=HEALTHY 34t3=CLEAR vm=RUNNING ready=True gpus=8
19:16:43.162 | T   +2181.6s | heartbeat | res=HEALTHY block=HEALTHY 34t3=CLEAR vm=RUNNING ready=True gpus=8
19:21:43.973 | T   +2482.4s | heartbeat | res=HEALTHY block=HEALTHY 34t3=CLEAR vm=RUNNING ready=True gpus=8
19:26:52.583 | T   +2791.0s | heartbeat | res=HEALTHY block=HEALTHY 34t3=CLEAR vm=RUNNING ready=True gpus=8
19:31:52.975 | T   +3091.4s | heartbeat | res=HEALTHY block=HEALTHY 34t3=CLEAR vm=RUNNING ready=True gpus=8
19:37:03.826 | T   +3402.3s | heartbeat | res=HEALTHY block=HEALTHY 34t3=CLEAR vm=RUNNING ready=True gpus=8
# budget 3600s exhausted
# child exited rc=0 at 2026-09-24T19:40:35Z; restarting in 5s
# RESTART pid=135571 every=10.0s budget=3600s at 2026-09-24T19:40:40.399103+00:00
19:40:40.399 | T      +0.0s | BASELINE | {"34t3_gpus": "8", "34t3_laststart": "2026-09-24T08:12:19.474-07:00", "34t3_maint": "CLEAR", "34t3_reasons": null, "34t3_resched": null, "34t3_type": null, "34t3_vm": "RUNNING", "34t3_win": null, "34t3_winend": null, "6df3_gpus": "8", "6df3_maint": "CLEAR", "6df3_reasons": null, "6df3_resched": null, "6df3_type": null, "6df3_vm": "RUNNING", "6df3_win": null, "6df3_winend": null, "block_degraded": null, "block_health": "HEALTHY", "block_ongoing": null, "block_pending": null, "block_reasons": null, "cluster_gpus": 16, "node_gpus": "8", "node_pm_label": null, "node_ready": "True", "node_taints": null, "ongoing": null, "pending": null, "res_health": "HEALTHY"}
19:41:03.532 | T     +23.1s | heartbeat | res=HEALTHY block=HEALTHY 34t3=CLEAR vm=RUNNING ready=True gpus=8
19:46:18.241 | T    +337.8s | heartbeat | res=HEALTHY block=HEALTHY 34t3=CLEAR vm=RUNNING ready=True gpus=8
19:51:23.380 | T    +643.0s | heartbeat | res=HEALTHY block=HEALTHY 34t3=CLEAR vm=RUNNING ready=True gpus=8
19:56:37.204 | T    +956.8s | heartbeat | res=HEALTHY block=HEALTHY 34t3=CLEAR vm=RUNNING ready=True gpus=8
20:01:52.923 | T   +1272.5s | heartbeat | res=HEALTHY block=HEALTHY 34t3=CLEAR vm=RUNNING ready=True gpus=8
20:06:52.844 | T   +1572.4s | heartbeat | res=HEALTHY block=HEALTHY 34t3=CLEAR vm=RUNNING ready=True gpus=8
20:12:07.038 | T   +1886.6s | heartbeat | res=HEALTHY block=HEALTHY 34t3=CLEAR vm=RUNNING ready=True gpus=8
20:17:14.740 | T   +2194.3s | heartbeat | res=HEALTHY block=HEALTHY 34t3=CLEAR vm=RUNNING ready=True gpus=8
20:22:19.608 | T   +2499.2s | heartbeat | res=HEALTHY block=HEALTHY 34t3=CLEAR vm=RUNNING ready=True gpus=8
20:27:27.437 | T   +2807.0s | heartbeat | res=HEALTHY block=HEALTHY 34t3=CLEAR vm=RUNNING ready=True gpus=8
# RUN 10 CLOSED 2026-09-24T20:31:27Z
